<?xml version="1.0" encoding="ISO-8859-1" ?>
<link_info>
   <banner>TI ARM Linker PC v20.2.5.LTS</banner>
   <copyright>Copyright (c) 1996-2018 Texas Instruments Incorporated</copyright>
   <link_time>0x627c9520</link_time>
   <link_errors>0x0</link_errors>
   <output_file>Colorimeter-based-Chemical-Analyzer.out</output_file>
   <entry_point>
      <name>_c_int00_noargs</name>
      <address>0x3add</address>
   </entry_point>
   <input_file_list>
      <input_file id="fl-2">
         <path>.\</path>
         <kind>object</kind>
         <file>IR_Receiver.obj</file>
         <name>IR_Receiver.obj</name>
      </input_file>
      <input_file id="fl-3">
         <path>.\</path>
         <kind>object</kind>
         <file>adc0.obj</file>
         <name>adc0.obj</name>
      </input_file>
      <input_file id="fl-4">
         <path>.\</path>
         <kind>object</kind>
         <file>clock.obj</file>
         <name>clock.obj</name>
      </input_file>
      <input_file id="fl-5">
         <path>.\</path>
         <kind>object</kind>
         <file>main.obj</file>
         <name>main.obj</name>
      </input_file>
      <input_file id="fl-6">
         <path>.\</path>
         <kind>object</kind>
         <file>motor.obj</file>
         <name>motor.obj</name>
      </input_file>
      <input_file id="fl-7">
         <path>.\</path>
         <kind>object</kind>
         <file>pH_Calculator.obj</file>
         <name>pH_Calculator.obj</name>
      </input_file>
      <input_file id="fl-8">
         <path>.\</path>
         <kind>object</kind>
         <file>rgb_led.obj</file>
         <name>rgb_led.obj</name>
      </input_file>
      <input_file id="fl-9">
         <path>.\</path>
         <kind>object</kind>
         <file>serial.obj</file>
         <name>serial.obj</name>
      </input_file>
      <input_file id="fl-a">
         <path>.\</path>
         <kind>object</kind>
         <file>tm4c123gh6pm_startup_ccs.obj</file>
         <name>tm4c123gh6pm_startup_ccs.obj</name>
      </input_file>
      <input_file id="fl-b">
         <path>.\</path>
         <kind>object</kind>
         <file>uart0.obj</file>
         <name>uart0.obj</name>
      </input_file>
      <input_file id="fl-c">
         <path>.\</path>
         <kind>object</kind>
         <file>wait.obj</file>
         <name>wait.obj</name>
      </input_file>
      <input_file id="fl-10">
         <kind>object</kind>
         <file>&lt;internal&gt;</file>
         <name>&lt;internal&gt;</name>
      </input_file>
      <input_file id="fl-c6">
         <path>C:\ti\ccs1110\ccs\tools\compiler\ti-cgt-arm_20.2.5.LTS\lib\</path>
         <kind>archive</kind>
         <file>rtsv7M4_T_le_v4SPD16_eabi.lib</file>
         <name>sprintf.c.obj</name>
      </input_file>
      <input_file id="fl-c7">
         <path>C:\ti\ccs1110\ccs\tools\compiler\ti-cgt-arm_20.2.5.LTS\lib\</path>
         <kind>archive</kind>
         <file>rtsv7M4_T_le_v4SPD16_eabi.lib</file>
         <name>e_log10.c.obj</name>
      </input_file>
      <input_file id="fl-c8">
         <path>C:\ti\ccs1110\ccs\tools\compiler\ti-cgt-arm_20.2.5.LTS\lib\</path>
         <kind>archive</kind>
         <file>rtsv7M4_T_le_v4SPD16_eabi.lib</file>
         <name>fd_add_t2.asm.obj</name>
      </input_file>
      <input_file id="fl-c9">
         <path>C:\ti\ccs1110\ccs\tools\compiler\ti-cgt-arm_20.2.5.LTS\lib\</path>
         <kind>archive</kind>
         <file>rtsv7M4_T_le_v4SPD16_eabi.lib</file>
         <name>fd_div_t2.asm.obj</name>
      </input_file>
      <input_file id="fl-ca">
         <path>C:\ti\ccs1110\ccs\tools\compiler\ti-cgt-arm_20.2.5.LTS\lib\</path>
         <kind>archive</kind>
         <file>rtsv7M4_T_le_v4SPD16_eabi.lib</file>
         <name>fd_mul_t2.asm.obj</name>
      </input_file>
      <input_file id="fl-cb">
         <path>C:\ti\ccs1110\ccs\tools\compiler\ti-cgt-arm_20.2.5.LTS\lib\</path>
         <kind>archive</kind>
         <file>rtsv7M4_T_le_v4SPD16_eabi.lib</file>
         <name>i_tofd_t2.asm.obj</name>
      </input_file>
      <input_file id="fl-cc">
         <path>C:\ti\ccs1110\ccs\tools\compiler\ti-cgt-arm_20.2.5.LTS\lib\</path>
         <kind>archive</kind>
         <file>rtsv7M4_T_le_v4SPD16_eabi.lib</file>
         <name>memcpy_t2.asm.obj</name>
      </input_file>
      <input_file id="fl-cd">
         <path>C:\ti\ccs1110\ccs\tools\compiler\ti-cgt-arm_20.2.5.LTS\lib\</path>
         <kind>archive</kind>
         <file>rtsv7M4_T_le_v4SPD16_eabi.lib</file>
         <name>u_tofd_t2.asm.obj</name>
      </input_file>
      <input_file id="fl-ce">
         <path>C:\ti\ccs1110\ccs\tools\compiler\ti-cgt-arm_20.2.5.LTS\lib\</path>
         <kind>archive</kind>
         <file>rtsv7M4_T_le_v4SPD16_eabi.lib</file>
         <name>copy_zero_init.c.obj</name>
      </input_file>
      <input_file id="fl-cf">
         <path>C:\ti\ccs1110\ccs\tools\compiler\ti-cgt-arm_20.2.5.LTS\lib\</path>
         <kind>archive</kind>
         <file>rtsv7M4_T_le_v4SPD16_eabi.lib</file>
         <name>copy_decompress_none.c.obj</name>
      </input_file>
      <input_file id="fl-d0">
         <path>C:\ti\ccs1110\ccs\tools\compiler\ti-cgt-arm_20.2.5.LTS\lib\</path>
         <kind>archive</kind>
         <file>rtsv7M4_T_le_v4SPD16_eabi.lib</file>
         <name>copy_decompress_lzss.c.obj</name>
      </input_file>
      <input_file id="fl-d1">
         <path>C:\ti\ccs1110\ccs\tools\compiler\ti-cgt-arm_20.2.5.LTS\lib\</path>
         <kind>archive</kind>
         <file>rtsv7M4_T_le_v4SPD16_eabi.lib</file>
         <name>errno.c.obj</name>
      </input_file>
      <input_file id="fl-d2">
         <path>C:\ti\ccs1110\ccs\tools\compiler\ti-cgt-arm_20.2.5.LTS\lib\</path>
         <kind>archive</kind>
         <file>rtsv7M4_T_le_v4SPD16_eabi.lib</file>
         <name>boot_cortex_m.c.obj</name>
      </input_file>
      <input_file id="fl-d3">
         <path>C:\ti\ccs1110\ccs\tools\compiler\ti-cgt-arm_20.2.5.LTS\lib\</path>
         <kind>archive</kind>
         <file>rtsv7M4_T_le_v4SPD16_eabi.lib</file>
         <name>_printfi.c.obj</name>
      </input_file>
      <input_file id="fl-d4">
         <path>C:\ti\ccs1110\ccs\tools\compiler\ti-cgt-arm_20.2.5.LTS\lib\</path>
         <kind>archive</kind>
         <file>rtsv7M4_T_le_v4SPD16_eabi.lib</file>
         <name>s_frexp.c.obj</name>
      </input_file>
      <input_file id="fl-d5">
         <path>C:\ti\ccs1110\ccs\tools\compiler\ti-cgt-arm_20.2.5.LTS\lib\</path>
         <kind>archive</kind>
         <file>rtsv7M4_T_le_v4SPD16_eabi.lib</file>
         <name>s_scalbn.c.obj</name>
      </input_file>
      <input_file id="fl-d6">
         <path>C:\ti\ccs1110\ccs\tools\compiler\ti-cgt-arm_20.2.5.LTS\lib\</path>
         <kind>archive</kind>
         <file>rtsv7M4_T_le_v4SPD16_eabi.lib</file>
         <name>wcslen.c.obj</name>
      </input_file>
      <input_file id="fl-d7">
         <path>C:\ti\ccs1110\ccs\tools\compiler\ti-cgt-arm_20.2.5.LTS\lib\</path>
         <kind>archive</kind>
         <file>rtsv7M4_T_le_v4SPD16_eabi.lib</file>
         <name>fd_cmp_t2.asm.obj</name>
      </input_file>
      <input_file id="fl-d8">
         <path>C:\ti\ccs1110\ccs\tools\compiler\ti-cgt-arm_20.2.5.LTS\lib\</path>
         <kind>archive</kind>
         <file>rtsv7M4_T_le_v4SPD16_eabi.lib</file>
         <name>fd_toi_t2.asm.obj</name>
      </input_file>
      <input_file id="fl-d9">
         <path>C:\ti\ccs1110\ccs\tools\compiler\ti-cgt-arm_20.2.5.LTS\lib\</path>
         <kind>archive</kind>
         <file>rtsv7M4_T_le_v4SPD16_eabi.lib</file>
         <name>ull_div_t2.asm.obj</name>
      </input_file>
      <input_file id="fl-da">
         <path>C:\ti\ccs1110\ccs\tools\compiler\ti-cgt-arm_20.2.5.LTS\lib\</path>
         <kind>archive</kind>
         <file>rtsv7M4_T_le_v4SPD16_eabi.lib</file>
         <name>memset_t2.asm.obj</name>
      </input_file>
      <input_file id="fl-db">
         <path>C:\ti\ccs1110\ccs\tools\compiler\ti-cgt-arm_20.2.5.LTS\lib\</path>
         <kind>archive</kind>
         <file>rtsv7M4_T_le_v4SPD16_eabi.lib</file>
         <name>autoinit.c.obj</name>
      </input_file>
      <input_file id="fl-dc">
         <path>C:\ti\ccs1110\ccs\tools\compiler\ti-cgt-arm_20.2.5.LTS\lib\</path>
         <kind>archive</kind>
         <file>rtsv7M4_T_le_v4SPD16_eabi.lib</file>
         <name>pre_init.c.obj</name>
      </input_file>
      <input_file id="fl-dd">
         <path>C:\ti\ccs1110\ccs\tools\compiler\ti-cgt-arm_20.2.5.LTS\lib\</path>
         <kind>archive</kind>
         <file>rtsv7M4_T_le_v4SPD16_eabi.lib</file>
         <name>cpy_tbl.c.obj</name>
      </input_file>
      <input_file id="fl-de">
         <path>C:\ti\ccs1110\ccs\tools\compiler\ti-cgt-arm_20.2.5.LTS\lib\</path>
         <kind>archive</kind>
         <file>rtsv7M4_T_le_v4SPD16_eabi.lib</file>
         <name>exit.c.obj</name>
      </input_file>
      <input_file id="fl-df">
         <path>C:\ti\ccs1110\ccs\tools\compiler\ti-cgt-arm_20.2.5.LTS\lib\</path>
         <kind>archive</kind>
         <file>rtsv7M4_T_le_v4SPD16_eabi.lib</file>
         <name>_lock.c.obj</name>
      </input_file>
      <input_file id="fl-e0">
         <path>C:\ti\ccs1110\ccs\tools\compiler\ti-cgt-arm_20.2.5.LTS\lib\</path>
         <kind>archive</kind>
         <file>rtsv7M4_T_le_v4SPD16_eabi.lib</file>
         <name>_ltoa.c.obj</name>
      </input_file>
      <input_file id="fl-e1">
         <path>C:\ti\ccs1110\ccs\tools\compiler\ti-cgt-arm_20.2.5.LTS\lib\</path>
         <kind>archive</kind>
         <file>rtsv7M4_T_le_v4SPD16_eabi.lib</file>
         <name>args_main.c.obj</name>
      </input_file>
      <input_file id="fl-e2">
         <path>C:\ti\ccs1110\ccs\tools\compiler\ti-cgt-arm_20.2.5.LTS\lib\</path>
         <kind>archive</kind>
         <file>rtsv7M4_T_le_v4SPD16_eabi.lib</file>
         <name>atoi.c.obj</name>
      </input_file>
      <input_file id="fl-e3">
         <path>C:\ti\ccs1110\ccs\tools\compiler\ti-cgt-arm_20.2.5.LTS\lib\</path>
         <kind>archive</kind>
         <file>rtsv7M4_T_le_v4SPD16_eabi.lib</file>
         <name>ctype.c.obj</name>
      </input_file>
      <input_file id="fl-e4">
         <path>C:\ti\ccs1110\ccs\tools\compiler\ti-cgt-arm_20.2.5.LTS\lib\</path>
         <kind>archive</kind>
         <file>rtsv7M4_T_le_v4SPD16_eabi.lib</file>
         <name>memccpy.c.obj</name>
      </input_file>
      <input_file id="fl-e5">
         <path>C:\ti\ccs1110\ccs\tools\compiler\ti-cgt-arm_20.2.5.LTS\lib\</path>
         <kind>archive</kind>
         <file>rtsv7M4_T_le_v4SPD16_eabi.lib</file>
         <name>strchr.c.obj</name>
      </input_file>
      <input_file id="fl-e6">
         <path>C:\ti\ccs1110\ccs\tools\compiler\ti-cgt-arm_20.2.5.LTS\lib\</path>
         <kind>archive</kind>
         <file>rtsv7M4_T_le_v4SPD16_eabi.lib</file>
         <name>strlen.c.obj</name>
      </input_file>
      <input_file id="fl-e7">
         <path>C:\ti\ccs1110\ccs\tools\compiler\ti-cgt-arm_20.2.5.LTS\lib\</path>
         <kind>archive</kind>
         <file>rtsv7M4_T_le_v4SPD16_eabi.lib</file>
         <name>s_copysign.c.obj</name>
      </input_file>
      <input_file id="fl-e8">
         <path>C:\ti\ccs1110\ccs\tools\compiler\ti-cgt-arm_20.2.5.LTS\lib\</path>
         <kind>archive</kind>
         <file>rtsv7M4_T_le_v4SPD16_eabi.lib</file>
         <name>div0.asm.obj</name>
      </input_file>
   </input_file_list>
   <object_component_list>
      <object_component id="oc-12">
         <name>.intvecs</name>
         <load_address>0x0</load_address>
         <run_address>0x0</run_address>
         <size>0x26c</size>
         <input_file_ref idref="fl-a"/>
      </object_component>
      <object_component id="oc-1c7">
         <name>.text:__TI_printfi</name>
         <load_address>0x26c</load_address>
         <run_address>0x26c</run_address>
         <size>0xa4e</size>
         <input_file_ref idref="fl-d3"/>
      </object_component>
      <object_component id="oc-2f0">
         <name>.text</name>
         <load_address>0xcba</load_address>
         <run_address>0xcba</run_address>
         <size>0x2</size>
         <input_file_ref idref="fl-e8"/>
      </object_component>
      <object_component id="oc-10f">
         <name>.text</name>
         <load_address>0xcbc</load_address>
         <run_address>0xcbc</run_address>
         <size>0x6b8</size>
         <input_file_ref idref="fl-7"/>
      </object_component>
      <object_component id="oc-b9">
         <name>.text</name>
         <load_address>0x1374</load_address>
         <run_address>0x1374</run_address>
         <size>0x408</size>
         <input_file_ref idref="fl-5"/>
      </object_component>
      <object_component id="oc-2d">
         <name>.text</name>
         <load_address>0x177c</load_address>
         <run_address>0x177c</run_address>
         <size>0x400</size>
         <input_file_ref idref="fl-2"/>
      </object_component>
      <object_component id="oc-109">
         <name>.text</name>
         <load_address>0x1b7c</load_address>
         <run_address>0x1b7c</run_address>
         <size>0x3be</size>
         <input_file_ref idref="fl-9"/>
      </object_component>
      <object_component id="oc-18f">
         <name>.text:log10</name>
         <load_address>0x1f3c</load_address>
         <run_address>0x1f3c</run_address>
         <size>0x2f4</size>
         <input_file_ref idref="fl-c7"/>
      </object_component>
      <object_component id="oc-243">
         <name>.text:_pconv_a</name>
         <load_address>0x2230</load_address>
         <run_address>0x2230</run_address>
         <size>0x270</size>
         <input_file_ref idref="fl-d3"/>
      </object_component>
      <object_component id="oc-103">
         <name>.text</name>
         <load_address>0x24a0</load_address>
         <run_address>0x24a0</run_address>
         <size>0x238</size>
         <input_file_ref idref="fl-6"/>
      </object_component>
      <object_component id="oc-231">
         <name>.text:_pconv_g</name>
         <load_address>0x26d8</load_address>
         <run_address>0x26d8</run_address>
         <size>0x1d0</size>
         <input_file_ref idref="fl-d3"/>
      </object_component>
      <object_component id="oc-18a">
         <name>.text</name>
         <load_address>0x28a8</load_address>
         <run_address>0x28a8</run_address>
         <size>0x1b6</size>
         <input_file_ref idref="fl-c8"/>
      </object_component>
      <object_component id="oc-fd">
         <name>.text</name>
         <load_address>0x2a60</load_address>
         <run_address>0x2a60</run_address>
         <size>0x158</size>
         <input_file_ref idref="fl-b"/>
      </object_component>
      <object_component id="oc-f1">
         <name>.text</name>
         <load_address>0x2bb8</load_address>
         <run_address>0x2bb8</run_address>
         <size>0x14c</size>
         <input_file_ref idref="fl-8"/>
      </object_component>
      <object_component id="oc-23d">
         <name>.text:_pconv_e</name>
         <load_address>0x2d04</load_address>
         <run_address>0x2d04</run_address>
         <size>0x13c</size>
         <input_file_ref idref="fl-d3"/>
      </object_component>
      <object_component id="oc-f7">
         <name>.text</name>
         <load_address>0x2e40</load_address>
         <run_address>0x2e40</run_address>
         <size>0x13c</size>
         <input_file_ref idref="fl-3"/>
      </object_component>
      <object_component id="oc-17f">
         <name>.text</name>
         <load_address>0x2f7c</load_address>
         <run_address>0x2f7c</run_address>
         <size>0x136</size>
         <input_file_ref idref="fl-c9"/>
      </object_component>
      <object_component id="oc-2aa">
         <name>.text:fcvt</name>
         <load_address>0x30b4</load_address>
         <run_address>0x30b4</run_address>
         <size>0x124</size>
         <input_file_ref idref="fl-d3"/>
      </object_component>
      <object_component id="oc-2be">
         <name>.text:scalbn</name>
         <load_address>0x31d8</load_address>
         <run_address>0x31d8</run_address>
         <size>0x110</size>
         <input_file_ref idref="fl-d5"/>
      </object_component>
      <object_component id="oc-185">
         <name>.text</name>
         <load_address>0x32e8</load_address>
         <run_address>0x32e8</run_address>
         <size>0xfc</size>
         <input_file_ref idref="fl-ca"/>
      </object_component>
      <object_component id="oc-226">
         <name>.text:_ltostr</name>
         <load_address>0x33e4</load_address>
         <run_address>0x33e4</run_address>
         <size>0xb1</size>
         <input_file_ref idref="fl-d3"/>
      </object_component>
      <object_component id="oc-41">
         <name>.text</name>
         <load_address>0x3496</load_address>
         <run_address>0x3496</run_address>
         <size>0x9c</size>
         <input_file_ref idref="fl-cc"/>
      </object_component>
      <object_component id="oc-286">
         <name>.text</name>
         <load_address>0x3532</load_address>
         <run_address>0x3532</run_address>
         <size>0x96</size>
         <input_file_ref idref="fl-d9"/>
      </object_component>
      <object_component id="oc-22c">
         <name>.text:__aeabi_cdcmple</name>
         <load_address>0x35c8</load_address>
         <run_address>0x35c8</run_address>
         <size>0x86</size>
         <input_file_ref idref="fl-d7"/>
      </object_component>
      <object_component id="oc-28d">
         <name>.text:__aeabi_cdrcmple</name>
         <load_address>0x364e</load_address>
         <run_address>0x364e</run_address>
         <size>0x86</size>
         <input_file_ref idref="fl-d7"/>
      </object_component>
      <object_component id="oc-ad">
         <name>.text</name>
         <load_address>0x36d4</load_address>
         <run_address>0x36d4</run_address>
         <size>0x7a</size>
         <input_file_ref idref="fl-da"/>
      </object_component>
      <object_component id="oc-2a3">
         <name>.text:_mcpy</name>
         <load_address>0x374e</load_address>
         <run_address>0x374e</run_address>
         <size>0x6e</size>
         <input_file_ref idref="fl-d3"/>
      </object_component>
      <object_component id="oc-15">
         <name>.text:decompress:lzss:__TI_decompress_lzss</name>
         <load_address>0x37bc</load_address>
         <run_address>0x37bc</run_address>
         <size>0x68</size>
         <input_file_ref idref="fl-d0"/>
      </object_component>
      <object_component id="oc-2b8">
         <name>.text:frexp</name>
         <load_address>0x3824</load_address>
         <run_address>0x3824</run_address>
         <size>0x64</size>
         <input_file_ref idref="fl-d4"/>
      </object_component>
      <object_component id="oc-237">
         <name>.text:_pconv_f</name>
         <load_address>0x3888</load_address>
         <run_address>0x3888</run_address>
         <size>0x56</size>
         <input_file_ref idref="fl-d3"/>
      </object_component>
      <object_component id="oc-297">
         <name>.text:__TI_ltoa</name>
         <load_address>0x38de</load_address>
         <run_address>0x38de</run_address>
         <size>0x54</size>
         <input_file_ref idref="fl-e0"/>
      </object_component>
      <object_component id="oc-29d">
         <name>.text:_ecpy</name>
         <load_address>0x3932</load_address>
         <run_address>0x3932</run_address>
         <size>0x52</size>
         <input_file_ref idref="fl-d3"/>
      </object_component>
      <object_component id="oc-220">
         <name>.text:atoi</name>
         <load_address>0x3984</load_address>
         <run_address>0x3984</run_address>
         <size>0x4c</size>
         <input_file_ref idref="fl-e2"/>
      </object_component>
      <object_component id="oc-292">
         <name>.text</name>
         <load_address>0x39d0</load_address>
         <run_address>0x39d0</run_address>
         <size>0x48</size>
         <input_file_ref idref="fl-d8"/>
      </object_component>
      <object_component id="oc-128">
         <name>.text:__TI_auto_init_nobinit_nopinit:__TI_auto_init_nobinit_nopinit</name>
         <load_address>0x3a18</load_address>
         <run_address>0x3a18</run_address>
         <size>0x44</size>
         <input_file_ref idref="fl-db"/>
      </object_component>
      <object_component id="oc-16d">
         <name>.text:sprintf</name>
         <load_address>0x3a5c</load_address>
         <run_address>0x3a5c</run_address>
         <size>0x40</size>
         <input_file_ref idref="fl-c6"/>
      </object_component>
      <object_component id="oc-2b0">
         <name>.text:_fcpy</name>
         <load_address>0x3a9c</load_address>
         <run_address>0x3a9c</run_address>
         <size>0x3e</size>
         <input_file_ref idref="fl-d3"/>
      </object_component>
      <object_component id="oc-5f">
         <name>.text:_c_int00_noargs:_c_int00_noargs</name>
         <load_address>0x3adc</load_address>
         <run_address>0x3adc</run_address>
         <size>0x34</size>
         <input_file_ref idref="fl-d2"/>
      </object_component>
      <object_component id="oc-1ec">
         <name>.text</name>
         <load_address>0x3b10</load_address>
         <run_address>0x3b10</run_address>
         <size>0x2e</size>
         <input_file_ref idref="fl-cb"/>
      </object_component>
      <object_component id="oc-15e">
         <name>.text</name>
         <load_address>0x3b3e</load_address>
         <run_address>0x3b3e</run_address>
         <size>0x24</size>
         <input_file_ref idref="fl-c"/>
      </object_component>
      <object_component id="oc-17a">
         <name>.text</name>
         <load_address>0x3b62</load_address>
         <run_address>0x3b62</run_address>
         <size>0x20</size>
         <input_file_ref idref="fl-cd"/>
      </object_component>
      <object_component id="oc-4d">
         <name>.text:decompress:ZI:__TI_zero_init_nomemset:__TI_zero_init_nomemset</name>
         <load_address>0x3b82</load_address>
         <run_address>0x3b82</run_address>
         <size>0x1c</size>
         <input_file_ref idref="fl-ce"/>
      </object_component>
      <object_component id="oc-249">
         <name>.text:memccpy</name>
         <load_address>0x3b9e</load_address>
         <run_address>0x3b9e</run_address>
         <size>0x1c</size>
         <input_file_ref idref="fl-e4"/>
      </object_component>
      <object_component id="oc-305">
         <name>.text:copysign</name>
         <load_address>0x3bba</load_address>
         <run_address>0x3bba</run_address>
         <size>0x1a</size>
         <input_file_ref idref="fl-e7"/>
      </object_component>
      <object_component id="oc-1cd">
         <name>.text:_outs</name>
         <load_address>0x3bd4</load_address>
         <run_address>0x3bd4</run_address>
         <size>0x18</size>
         <input_file_ref idref="fl-c6"/>
      </object_component>
      <object_component id="oc-2c4">
         <name>.text:strchr</name>
         <load_address>0x3bec</load_address>
         <run_address>0x3bec</run_address>
         <size>0x16</size>
         <input_file_ref idref="fl-e5"/>
      </object_component>
      <object_component id="oc-21a">
         <name>.text:strlen</name>
         <load_address>0x3c02</load_address>
         <run_address>0x3c02</run_address>
         <size>0x14</size>
         <input_file_ref idref="fl-e6"/>
      </object_component>
      <object_component id="oc-24f">
         <name>.text:wcslen</name>
         <load_address>0x3c16</load_address>
         <run_address>0x3c16</run_address>
         <size>0x12</size>
         <input_file_ref idref="fl-d6"/>
      </object_component>
      <object_component id="oc-74">
         <name>.text</name>
         <load_address>0x3c28</load_address>
         <run_address>0x3c28</run_address>
         <size>0x10</size>
         <input_file_ref idref="fl-4"/>
      </object_component>
      <object_component id="oc-1b">
         <name>.text:decompress:none:__TI_decompress_none</name>
         <load_address>0x3c38</load_address>
         <run_address>0x3c38</run_address>
         <size>0xe</size>
         <input_file_ref idref="fl-cf"/>
      </object_component>
      <object_component id="oc-27">
         <name>.text</name>
         <load_address>0x3c46</load_address>
         <run_address>0x3c46</run_address>
         <size>0xc</size>
         <input_file_ref idref="fl-a"/>
      </object_component>
      <object_component id="oc-1d3">
         <name>.text:_outc</name>
         <load_address>0x3c52</load_address>
         <run_address>0x3c52</run_address>
         <size>0xa</size>
         <input_file_ref idref="fl-c6"/>
      </object_component>
      <object_component id="oc-1e6">
         <name>.text:__aeabi_errno_addr</name>
         <load_address>0x3c5c</load_address>
         <run_address>0x3c5c</run_address>
         <size>0x8</size>
         <input_file_ref idref="fl-d1"/>
      </object_component>
      <object_component id="oc-b3">
         <name>.text:_system_pre_init</name>
         <load_address>0x3c64</load_address>
         <run_address>0x3c64</run_address>
         <size>0x4</size>
         <input_file_ref idref="fl-dc"/>
      </object_component>
      <object_component id="oc-11c">
         <name>.text:abort:abort</name>
         <load_address>0x3c68</load_address>
         <run_address>0x3c68</run_address>
         <size>0x4</size>
         <input_file_ref idref="fl-de"/>
      </object_component>
      <object_component id="oc-281">
         <name>.const:.string:_ctypes_</name>
         <load_address>0x3c6c</load_address>
         <run_address>0x3c6c</run_address>
         <size>0x101</size>
         <input_file_ref idref="fl-e3"/>
      </object_component>
      <object_component id="oc-359">
         <name>.cinit..data.load</name>
         <load_address>0x3d70</load_address>
         <run_address>0x3d70</run_address>
         <size>0x15c</size>
      </object_component>
      <object_component id="oc-357">
         <name>__TI_handler_table</name>
         <load_address>0x3ecc</load_address>
         <run_address>0x3ecc</run_address>
         <size>0xc</size>
      </object_component>
      <object_component id="oc-35a">
         <name>.cinit..bss.load</name>
         <load_address>0x3ed8</load_address>
         <run_address>0x3ed8</run_address>
         <size>0x8</size>
      </object_component>
      <object_component id="oc-358">
         <name>__TI_cinit_table</name>
         <load_address>0x3ee0</load_address>
         <run_address>0x3ee0</run_address>
         <size>0x10</size>
      </object_component>
      <object_component id="oc-83">
         <name>.data</name>
         <load_address>0x200008f6</load_address>
         <run_address>0x200008f6</run_address>
         <size>0x1</size>
         <input_file_ref idref="fl-2"/>
      </object_component>
      <object_component id="oc-7d">
         <name>.data:buttons</name>
         <load_address>0x20000000</load_address>
         <run_address>0x20000000</run_address>
         <size>0x8f0</size>
         <input_file_ref idref="fl-2"/>
      </object_component>
      <object_component id="oc-167">
         <name>.data:tubePos</name>
         <load_address>0x200008f0</load_address>
         <run_address>0x200008f0</run_address>
         <size>0x6</size>
         <input_file_ref idref="fl-6"/>
      </object_component>
      <object_component id="oc-164">
         <name>.data</name>
         <load_address>0x200008fc</load_address>
         <run_address>0x200008fc</run_address>
         <size>0x3</size>
         <input_file_ref idref="fl-6"/>
      </object_component>
      <object_component id="oc-265">
         <name>.data</name>
         <load_address>0x200008f8</load_address>
         <run_address>0x200008f8</run_address>
         <size>0x4</size>
         <input_file_ref idref="fl-d1"/>
      </object_component>
      <object_component id="oc-81">
         <name>.common:time</name>
         <uninitialized>true</uninitialized>
         <run_address>0x20001100</run_address>
         <size>0xc8</size>
      </object_component>
      <object_component id="oc-80">
         <name>.common:code</name>
         <uninitialized>true</uninitialized>
         <run_address>0x200011d5</run_address>
         <size>0x1</size>
      </object_component>
      <object_component id="oc-82">
         <name>.common:valid</name>
         <uninitialized>true</uninitialized>
         <run_address>0x200011d6</run_address>
         <size>0x1</size>
      </object_component>
      <object_component id="oc-7a">
         <name>.common:address</name>
         <uninitialized>true</uninitialized>
         <run_address>0x200011d4</run_address>
         <size>0x1</size>
      </object_component>
      <object_component id="oc-178">
         <name>.common:pwm_r</name>
         <uninitialized>true</uninitialized>
         <run_address>0x200011d2</run_address>
         <size>0x2</size>
      </object_component>
      <object_component id="oc-184">
         <name>.common:pwm_b</name>
         <uninitialized>true</uninitialized>
         <run_address>0x200011ce</run_address>
         <size>0x2</size>
      </object_component>
      <object_component id="oc-179">
         <name>.common:pwm_g</name>
         <uninitialized>true</uninitialized>
         <run_address>0x200011d0</run_address>
         <size>0x2</size>
      </object_component>
      <object_component id="oc-176">
         <name>.common:analog_r</name>
         <uninitialized>true</uninitialized>
         <run_address>0x200011cc</run_address>
         <size>0x2</size>
      </object_component>
      <object_component id="oc-173">
         <name>.common:analog_b</name>
         <uninitialized>true</uninitialized>
         <run_address>0x200011c8</run_address>
         <size>0x2</size>
      </object_component>
      <object_component id="oc-177">
         <name>.common:analog_g</name>
         <uninitialized>true</uninitialized>
         <run_address>0x200011ca</run_address>
         <size>0x2</size>
      </object_component>
      <object_component id="oc-24">
         <name>.stack</name>
         <uninitialized>true</uninitialized>
         <run_address>0x20000900</run_address>
         <size>0x4</size>
         <input_file_ref idref="fl-d2"/>
      </object_component>
      <object_component id="oc-35c">
         <name>.stack</name>
         <uninitialized>true</uninitialized>
         <run_address>0x20000900</run_address>
         <size>0x0</size>
      </object_component>
      <object_component id="oc-7b">
         <name>.debug_info</name>
         <load_address>0x0</load_address>
         <run_address>0x0</run_address>
         <size>0x34f</size>
         <input_file_ref idref="fl-2"/>
      </object_component>
      <object_component id="oc-84">
         <name>.debug_info</name>
         <load_address>0x34f</load_address>
         <run_address>0x34f</run_address>
         <size>0xd6</size>
         <input_file_ref idref="fl-2"/>
      </object_component>
      <object_component id="oc-7e">
         <name>.debug_info</name>
         <load_address>0x425</load_address>
         <run_address>0x425</run_address>
         <size>0xda</size>
         <input_file_ref idref="fl-2"/>
      </object_component>
      <object_component id="oc-30">
         <name>.debug_info</name>
         <load_address>0x4ff</load_address>
         <run_address>0x4ff</run_address>
         <size>0x457</size>
         <input_file_ref idref="fl-2"/>
      </object_component>
      <object_component id="oc-93">
         <name>.debug_info</name>
         <load_address>0x956</load_address>
         <run_address>0x956</run_address>
         <size>0x26b</size>
         <input_file_ref idref="fl-2"/>
      </object_component>
      <object_component id="oc-8c">
         <name>.debug_info</name>
         <load_address>0xbc1</load_address>
         <run_address>0xbc1</run_address>
         <size>0x8b</size>
         <input_file_ref idref="fl-2"/>
      </object_component>
      <object_component id="oc-dc">
         <name>.debug_info</name>
         <load_address>0xc4c</load_address>
         <run_address>0xc4c</run_address>
         <size>0x2a4</size>
         <input_file_ref idref="fl-2"/>
      </object_component>
      <object_component id="oc-87">
         <name>.debug_info</name>
         <load_address>0xef0</load_address>
         <run_address>0xef0</run_address>
         <size>0xbb</size>
         <input_file_ref idref="fl-2"/>
      </object_component>
      <object_component id="oc-1db">
         <name>.debug_info</name>
         <load_address>0xfab</load_address>
         <run_address>0xfab</run_address>
         <size>0x2c</size>
         <input_file_ref idref="fl-2"/>
      </object_component>
      <object_component id="oc-ce">
         <name>.debug_info</name>
         <load_address>0xfd7</load_address>
         <run_address>0xfd7</run_address>
         <size>0x76</size>
         <input_file_ref idref="fl-2"/>
      </object_component>
      <object_component id="oc-d3">
         <name>.debug_info</name>
         <load_address>0x104d</load_address>
         <run_address>0x104d</run_address>
         <size>0x35</size>
         <input_file_ref idref="fl-2"/>
      </object_component>
      <object_component id="oc-f9">
         <name>.debug_info</name>
         <load_address>0x1082</load_address>
         <run_address>0x1082</run_address>
         <size>0x280</size>
         <input_file_ref idref="fl-3"/>
      </object_component>
      <object_component id="oc-3c">
         <name>.debug_info</name>
         <load_address>0x1302</load_address>
         <run_address>0x1302</run_address>
         <size>0x84</size>
         <input_file_ref idref="fl-3"/>
      </object_component>
      <object_component id="oc-75">
         <name>.debug_info</name>
         <load_address>0x1386</load_address>
         <run_address>0x1386</run_address>
         <size>0x11e</size>
         <input_file_ref idref="fl-4"/>
      </object_component>
      <object_component id="oc-116">
         <name>.debug_info</name>
         <load_address>0x14a4</load_address>
         <run_address>0x14a4</run_address>
         <size>0x675</size>
         <input_file_ref idref="fl-5"/>
      </object_component>
      <object_component id="oc-ba">
         <name>.debug_info</name>
         <load_address>0x1b19</load_address>
         <run_address>0x1b19</run_address>
         <size>0x6ef</size>
         <input_file_ref idref="fl-5"/>
      </object_component>
      <object_component id="oc-117">
         <name>.debug_info</name>
         <load_address>0x2208</load_address>
         <run_address>0x2208</run_address>
         <size>0x8a</size>
         <input_file_ref idref="fl-5"/>
      </object_component>
      <object_component id="oc-1c4">
         <name>.debug_info</name>
         <load_address>0x2292</load_address>
         <run_address>0x2292</run_address>
         <size>0x2d9</size>
         <input_file_ref idref="fl-6"/>
      </object_component>
      <object_component id="oc-168">
         <name>.debug_info</name>
         <load_address>0x256b</load_address>
         <run_address>0x256b</run_address>
         <size>0xd4</size>
         <input_file_ref idref="fl-6"/>
      </object_component>
      <object_component id="oc-165">
         <name>.debug_info</name>
         <load_address>0x263f</load_address>
         <run_address>0x263f</run_address>
         <size>0x118</size>
         <input_file_ref idref="fl-6"/>
      </object_component>
      <object_component id="oc-107">
         <name>.debug_info</name>
         <load_address>0x2757</load_address>
         <run_address>0x2757</run_address>
         <size>0x3b5</size>
         <input_file_ref idref="fl-6"/>
      </object_component>
      <object_component id="oc-1bd">
         <name>.debug_info</name>
         <load_address>0x2b0c</load_address>
         <run_address>0x2b0c</run_address>
         <size>0x51</size>
         <input_file_ref idref="fl-6"/>
      </object_component>
      <object_component id="oc-174">
         <name>.debug_info</name>
         <load_address>0x2b5d</load_address>
         <run_address>0x2b5d</run_address>
         <size>0x49d</size>
         <input_file_ref idref="fl-7"/>
      </object_component>
      <object_component id="oc-112">
         <name>.debug_info</name>
         <load_address>0x2ffa</load_address>
         <run_address>0x2ffa</run_address>
         <size>0x97c</size>
         <input_file_ref idref="fl-7"/>
      </object_component>
      <object_component id="oc-f2">
         <name>.debug_info</name>
         <load_address>0x3976</load_address>
         <run_address>0x3976</run_address>
         <size>0x1be</size>
         <input_file_ref idref="fl-8"/>
      </object_component>
      <object_component id="oc-16c">
         <name>.debug_info</name>
         <load_address>0x3b34</load_address>
         <run_address>0x3b34</run_address>
         <size>0x2c7</size>
         <input_file_ref idref="fl-9"/>
      </object_component>
      <object_component id="oc-10a">
         <name>.debug_info</name>
         <load_address>0x3dfb</load_address>
         <run_address>0x3dfb</run_address>
         <size>0x82e</size>
         <input_file_ref idref="fl-9"/>
      </object_component>
      <object_component id="oc-e8">
         <name>.debug_info</name>
         <load_address>0x4629</load_address>
         <run_address>0x4629</run_address>
         <size>0x2c</size>
         <input_file_ref idref="fl-9"/>
      </object_component>
      <object_component id="oc-35">
         <name>.debug_info</name>
         <load_address>0x4655</load_address>
         <run_address>0x4655</run_address>
         <size>0x2d4</size>
         <input_file_ref idref="fl-a"/>
      </object_component>
      <object_component id="oc-13">
         <name>.debug_info</name>
         <load_address>0x4929</load_address>
         <run_address>0x4929</run_address>
         <size>0xf1</size>
         <input_file_ref idref="fl-a"/>
      </object_component>
      <object_component id="oc-29">
         <name>.debug_info</name>
         <load_address>0x4a1a</load_address>
         <run_address>0x4a1a</run_address>
         <size>0x26d</size>
         <input_file_ref idref="fl-a"/>
      </object_component>
      <object_component id="oc-15d">
         <name>.debug_info</name>
         <load_address>0x4c87</load_address>
         <run_address>0x4c87</run_address>
         <size>0x267</size>
         <input_file_ref idref="fl-b"/>
      </object_component>
      <object_component id="oc-100">
         <name>.debug_info</name>
         <load_address>0x4eee</load_address>
         <run_address>0x4eee</run_address>
         <size>0x34f</size>
         <input_file_ref idref="fl-b"/>
      </object_component>
      <object_component id="oc-161">
         <name>.debug_info</name>
         <load_address>0x523d</load_address>
         <run_address>0x523d</run_address>
         <size>0x128</size>
         <input_file_ref idref="fl-c"/>
      </object_component>
      <object_component id="oc-1da">
         <name>.debug_info</name>
         <load_address>0x5365</load_address>
         <run_address>0x5365</run_address>
         <size>0x333</size>
         <input_file_ref idref="fl-c6"/>
      </object_component>
      <object_component id="oc-16e">
         <name>.debug_info</name>
         <load_address>0x5698</load_address>
         <run_address>0x5698</run_address>
         <size>0x1d1</size>
         <input_file_ref idref="fl-c6"/>
      </object_component>
      <object_component id="oc-1d0">
         <name>.debug_info</name>
         <load_address>0x5869</load_address>
         <run_address>0x5869</run_address>
         <size>0x18d</size>
         <input_file_ref idref="fl-c6"/>
      </object_component>
      <object_component id="oc-1d5">
         <name>.debug_info</name>
         <load_address>0x59f6</load_address>
         <run_address>0x59f6</run_address>
         <size>0x16d</size>
         <input_file_ref idref="fl-c6"/>
      </object_component>
      <object_component id="oc-2d6">
         <name>.debug_info</name>
         <load_address>0x5b63</load_address>
         <run_address>0x5b63</run_address>
         <size>0x2c</size>
         <input_file_ref idref="fl-c6"/>
      </object_component>
      <object_component id="oc-193">
         <name>.debug_info</name>
         <load_address>0x5b8f</load_address>
         <run_address>0x5b8f</run_address>
         <size>0x4b1</size>
         <input_file_ref idref="fl-c7"/>
      </object_component>
      <object_component id="oc-26b">
         <name>.debug_info</name>
         <load_address>0x6040</load_address>
         <run_address>0x6040</run_address>
         <size>0x46</size>
         <input_file_ref idref="fl-c7"/>
      </object_component>
      <object_component id="oc-1f2">
         <name>.debug_info</name>
         <load_address>0x6086</load_address>
         <run_address>0x6086</run_address>
         <size>0x39</size>
         <input_file_ref idref="fl-c7"/>
      </object_component>
      <object_component id="oc-18b">
         <name>.debug_info</name>
         <load_address>0x60bf</load_address>
         <run_address>0x60bf</run_address>
         <size>0x14c</size>
         <input_file_ref idref="fl-c8"/>
      </object_component>
      <object_component id="oc-180">
         <name>.debug_info</name>
         <load_address>0x620b</load_address>
         <run_address>0x620b</run_address>
         <size>0x13a</size>
         <input_file_ref idref="fl-c9"/>
      </object_component>
      <object_component id="oc-186">
         <name>.debug_info</name>
         <load_address>0x6345</load_address>
         <run_address>0x6345</run_address>
         <size>0x13a</size>
         <input_file_ref idref="fl-ca"/>
      </object_component>
      <object_component id="oc-1ef">
         <name>.debug_info</name>
         <load_address>0x647f</load_address>
         <run_address>0x647f</run_address>
         <size>0x12c</size>
         <input_file_ref idref="fl-cb"/>
      </object_component>
      <object_component id="oc-42">
         <name>.debug_info</name>
         <load_address>0x65ab</load_address>
         <run_address>0x65ab</run_address>
         <size>0x119</size>
         <input_file_ref idref="fl-cc"/>
      </object_component>
      <object_component id="oc-17c">
         <name>.debug_info</name>
         <load_address>0x66c4</load_address>
         <run_address>0x66c4</run_address>
         <size>0x12e</size>
         <input_file_ref idref="fl-cd"/>
      </object_component>
      <object_component id="oc-ac">
         <name>.debug_info</name>
         <load_address>0x67f2</load_address>
         <run_address>0x67f2</run_address>
         <size>0x2d4</size>
         <input_file_ref idref="fl-ce"/>
      </object_component>
      <object_component id="oc-51">
         <name>.debug_info</name>
         <load_address>0x6ac6</load_address>
         <run_address>0x6ac6</run_address>
         <size>0x1d2</size>
         <input_file_ref idref="fl-ce"/>
      </object_component>
      <object_component id="oc-a7">
         <name>.debug_info</name>
         <load_address>0x6c98</load_address>
         <run_address>0x6c98</run_address>
         <size>0x46</size>
         <input_file_ref idref="fl-ce"/>
      </object_component>
      <object_component id="oc-4c">
         <name>.debug_info</name>
         <load_address>0x6cde</load_address>
         <run_address>0x6cde</run_address>
         <size>0x2a8</size>
         <input_file_ref idref="fl-cf"/>
      </object_component>
      <object_component id="oc-1f">
         <name>.debug_info</name>
         <load_address>0x6f86</load_address>
         <run_address>0x6f86</run_address>
         <size>0x1ea</size>
         <input_file_ref idref="fl-cf"/>
      </object_component>
      <object_component id="oc-47">
         <name>.debug_info</name>
         <load_address>0x7170</load_address>
         <run_address>0x7170</run_address>
         <size>0x46</size>
         <input_file_ref idref="fl-cf"/>
      </object_component>
      <object_component id="oc-9f">
         <name>.debug_info</name>
         <load_address>0x71b6</load_address>
         <run_address>0x71b6</run_address>
         <size>0x2c</size>
         <input_file_ref idref="fl-cf"/>
      </object_component>
      <object_component id="oc-9d">
         <name>.debug_info</name>
         <load_address>0x71e2</load_address>
         <run_address>0x71e2</run_address>
         <size>0x29e</size>
         <input_file_ref idref="fl-d0"/>
      </object_component>
      <object_component id="oc-18">
         <name>.debug_info</name>
         <load_address>0x7480</load_address>
         <run_address>0x7480</run_address>
         <size>0x250</size>
         <input_file_ref idref="fl-d0"/>
      </object_component>
      <object_component id="oc-37">
         <name>.debug_info</name>
         <load_address>0x76d0</load_address>
         <run_address>0x76d0</run_address>
         <size>0x60</size>
         <input_file_ref idref="fl-d0"/>
      </object_component>
      <object_component id="oc-e1">
         <name>.debug_info</name>
         <load_address>0x7730</load_address>
         <run_address>0x7730</run_address>
         <size>0x46</size>
         <input_file_ref idref="fl-d0"/>
      </object_component>
      <object_component id="oc-98">
         <name>.debug_info</name>
         <load_address>0x7776</load_address>
         <run_address>0x7776</run_address>
         <size>0x39</size>
         <input_file_ref idref="fl-d0"/>
      </object_component>
      <object_component id="oc-269">
         <name>.debug_info</name>
         <load_address>0x77af</load_address>
         <run_address>0x77af</run_address>
         <size>0x289</size>
         <input_file_ref idref="fl-d1"/>
      </object_component>
      <object_component id="oc-266">
         <name>.debug_info</name>
         <load_address>0x7a38</load_address>
         <run_address>0x7a38</run_address>
         <size>0x10e</size>
         <input_file_ref idref="fl-d1"/>
      </object_component>
      <object_component id="oc-1e9">
         <name>.debug_info</name>
         <load_address>0x7b46</load_address>
         <run_address>0x7b46</run_address>
         <size>0x14e</size>
         <input_file_ref idref="fl-d1"/>
      </object_component>
      <object_component id="oc-25">
         <name>.debug_info</name>
         <load_address>0x7c94</load_address>
         <run_address>0x7c94</run_address>
         <size>0x10b</size>
         <input_file_ref idref="fl-d2"/>
      </object_component>
      <object_component id="oc-62">
         <name>.debug_info</name>
         <load_address>0x7d9f</load_address>
         <run_address>0x7d9f</run_address>
         <size>0x1a9</size>
         <input_file_ref idref="fl-d2"/>
      </object_component>
      <object_component id="oc-256">
         <name>.debug_info</name>
         <load_address>0x7f48</load_address>
         <run_address>0x7f48</run_address>
         <size>0x590</size>
         <input_file_ref idref="fl-d3"/>
      </object_component>
      <object_component id="oc-228">
         <name>.debug_info</name>
         <load_address>0x84d8</load_address>
         <run_address>0x84d8</run_address>
         <size>0x21e</size>
         <input_file_ref idref="fl-d3"/>
      </object_component>
      <object_component id="oc-29f">
         <name>.debug_info</name>
         <load_address>0x86f6</load_address>
         <run_address>0x86f6</run_address>
         <size>0x1b3</size>
         <input_file_ref idref="fl-d3"/>
      </object_component>
      <object_component id="oc-2a5">
         <name>.debug_info</name>
         <load_address>0x88a9</load_address>
         <run_address>0x88a9</run_address>
         <size>0x21b</size>
         <input_file_ref idref="fl-d3"/>
      </object_component>
      <object_component id="oc-233">
         <name>.debug_info</name>
         <load_address>0x8ac4</load_address>
         <run_address>0x8ac4</run_address>
         <size>0x3c0</size>
         <input_file_ref idref="fl-d3"/>
      </object_component>
      <object_component id="oc-2ac">
         <name>.debug_info</name>
         <load_address>0x8e84</load_address>
         <run_address>0x8e84</run_address>
         <size>0x30a</size>
         <input_file_ref idref="fl-d3"/>
      </object_component>
      <object_component id="oc-2b2">
         <name>.debug_info</name>
         <load_address>0x918e</load_address>
         <run_address>0x918e</run_address>
         <size>0x215</size>
         <input_file_ref idref="fl-d3"/>
      </object_component>
      <object_component id="oc-239">
         <name>.debug_info</name>
         <load_address>0x93a3</load_address>
         <run_address>0x93a3</run_address>
         <size>0x215</size>
         <input_file_ref idref="fl-d3"/>
      </object_component>
      <object_component id="oc-23f">
         <name>.debug_info</name>
         <load_address>0x95b8</load_address>
         <run_address>0x95b8</run_address>
         <size>0x304</size>
         <input_file_ref idref="fl-d3"/>
      </object_component>
      <object_component id="oc-245">
         <name>.debug_info</name>
         <load_address>0x98bc</load_address>
         <run_address>0x98bc</run_address>
         <size>0x4b5</size>
         <input_file_ref idref="fl-d3"/>
      </object_component>
      <object_component id="oc-1c9">
         <name>.debug_info</name>
         <load_address>0x9d71</load_address>
         <run_address>0x9d71</run_address>
         <size>0x5f4</size>
         <input_file_ref idref="fl-d3"/>
      </object_component>
      <object_component id="oc-257">
         <name>.debug_info</name>
         <load_address>0xa365</load_address>
         <run_address>0xa365</run_address>
         <size>0x86</size>
         <input_file_ref idref="fl-d3"/>
      </object_component>
      <object_component id="oc-2db">
         <name>.debug_info</name>
         <load_address>0xa3eb</load_address>
         <run_address>0xa3eb</run_address>
         <size>0x39</size>
         <input_file_ref idref="fl-d3"/>
      </object_component>
      <object_component id="oc-318">
         <name>.debug_info</name>
         <load_address>0xa424</load_address>
         <run_address>0xa424</run_address>
         <size>0xb6</size>
         <input_file_ref idref="fl-d3"/>
      </object_component>
      <object_component id="oc-2e0">
         <name>.debug_info</name>
         <load_address>0xa4da</load_address>
         <run_address>0xa4da</run_address>
         <size>0x46</size>
         <input_file_ref idref="fl-d3"/>
      </object_component>
      <object_component id="oc-25c">
         <name>.debug_info</name>
         <load_address>0xa520</load_address>
         <run_address>0xa520</run_address>
         <size>0x46</size>
         <input_file_ref idref="fl-d3"/>
      </object_component>
      <object_component id="oc-2ff">
         <name>.debug_info</name>
         <load_address>0xa566</load_address>
         <run_address>0xa566</run_address>
         <size>0x295</size>
         <input_file_ref idref="fl-d4"/>
      </object_component>
      <object_component id="oc-2bc">
         <name>.debug_info</name>
         <load_address>0xa7fb</load_address>
         <run_address>0xa7fb</run_address>
         <size>0x195</size>
         <input_file_ref idref="fl-d4"/>
      </object_component>
      <object_component id="oc-324">
         <name>.debug_info</name>
         <load_address>0xa990</load_address>
         <run_address>0xa990</run_address>
         <size>0x39</size>
         <input_file_ref idref="fl-d4"/>
      </object_component>
      <object_component id="oc-300">
         <name>.debug_info</name>
         <load_address>0xa9c9</load_address>
         <run_address>0xa9c9</run_address>
         <size>0x2c</size>
         <input_file_ref idref="fl-d4"/>
      </object_component>
      <object_component id="oc-30c">
         <name>.debug_info</name>
         <load_address>0xa9f5</load_address>
         <run_address>0xa9f5</run_address>
         <size>0x2f8</size>
         <input_file_ref idref="fl-d5"/>
      </object_component>
      <object_component id="oc-2c0">
         <name>.debug_info</name>
         <load_address>0xaced</load_address>
         <run_address>0xaced</run_address>
         <size>0x225</size>
         <input_file_ref idref="fl-d5"/>
      </object_component>
      <object_component id="oc-2d3">
         <name>.debug_info</name>
         <load_address>0xaf12</load_address>
         <run_address>0xaf12</run_address>
         <size>0x28f</size>
         <input_file_ref idref="fl-d6"/>
      </object_component>
      <object_component id="oc-250">
         <name>.debug_info</name>
         <load_address>0xb1a1</load_address>
         <run_address>0xb1a1</run_address>
         <size>0x15a</size>
         <input_file_ref idref="fl-d6"/>
      </object_component>
      <object_component id="oc-311">
         <name>.debug_info</name>
         <load_address>0xb2fb</load_address>
         <run_address>0xb2fb</run_address>
         <size>0x46</size>
         <input_file_ref idref="fl-d6"/>
      </object_component>
      <object_component id="oc-2ce">
         <name>.debug_info</name>
         <load_address>0xb341</load_address>
         <run_address>0xb341</run_address>
         <size>0x39</size>
         <input_file_ref idref="fl-d6"/>
      </object_component>
      <object_component id="oc-22d">
         <name>.debug_info</name>
         <load_address>0xb37a</load_address>
         <run_address>0xb37a</run_address>
         <size>0x128</size>
         <input_file_ref idref="fl-d7"/>
      </object_component>
      <object_component id="oc-28e">
         <name>.debug_info</name>
         <load_address>0xb4a2</load_address>
         <run_address>0xb4a2</run_address>
         <size>0x12a</size>
         <input_file_ref idref="fl-d7"/>
      </object_component>
      <object_component id="oc-295">
         <name>.debug_info</name>
         <load_address>0xb5cc</load_address>
         <run_address>0xb5cc</run_address>
         <size>0x12e</size>
         <input_file_ref idref="fl-d8"/>
      </object_component>
      <object_component id="oc-287">
         <name>.debug_info</name>
         <load_address>0xb6fa</load_address>
         <run_address>0xb6fa</run_address>
         <size>0x134</size>
         <input_file_ref idref="fl-d9"/>
      </object_component>
      <object_component id="oc-ae">
         <name>.debug_info</name>
         <load_address>0xb82e</load_address>
         <run_address>0xb82e</run_address>
         <size>0x147</size>
         <input_file_ref idref="fl-da"/>
      </object_component>
      <object_component id="oc-1a3">
         <name>.debug_info</name>
         <load_address>0xb975</load_address>
         <run_address>0xb975</run_address>
         <size>0x4b3</size>
         <input_file_ref idref="fl-db"/>
      </object_component>
      <object_component id="oc-12c">
         <name>.debug_info</name>
         <load_address>0xbe28</load_address>
         <run_address>0xbe28</run_address>
         <size>0x1a6</size>
         <input_file_ref idref="fl-db"/>
      </object_component>
      <object_component id="oc-207">
         <name>.debug_info</name>
         <load_address>0xbfce</load_address>
         <run_address>0xbfce</run_address>
         <size>0x39</size>
         <input_file_ref idref="fl-db"/>
      </object_component>
      <object_component id="oc-273">
         <name>.debug_info</name>
         <load_address>0xc007</load_address>
         <run_address>0xc007</run_address>
         <size>0x39</size>
         <input_file_ref idref="fl-db"/>
      </object_component>
      <object_component id="oc-20c">
         <name>.debug_info</name>
         <load_address>0xc040</load_address>
         <run_address>0xc040</run_address>
         <size>0x39</size>
         <input_file_ref idref="fl-db"/>
      </object_component>
      <object_component id="oc-211">
         <name>.debug_info</name>
         <load_address>0xc079</load_address>
         <run_address>0xc079</run_address>
         <size>0xcd</size>
         <input_file_ref idref="fl-db"/>
      </object_component>
      <object_component id="oc-b6">
         <name>.debug_info</name>
         <load_address>0xc146</load_address>
         <run_address>0xc146</run_address>
         <size>0x153</size>
         <input_file_ref idref="fl-dc"/>
      </object_component>
      <object_component id="oc-11e">
         <name>.debug_info</name>
         <load_address>0xc299</load_address>
         <run_address>0xc299</run_address>
         <size>0x122</size>
         <input_file_ref idref="fl-de"/>
      </object_component>
      <object_component id="oc-2f9">
         <name>.debug_info</name>
         <load_address>0xc3bb</load_address>
         <run_address>0xc3bb</run_address>
         <size>0x29c</size>
         <input_file_ref idref="fl-e0"/>
      </object_component>
      <object_component id="oc-298">
         <name>.debug_info</name>
         <load_address>0xc657</load_address>
         <run_address>0xc657</run_address>
         <size>0x1da</size>
         <input_file_ref idref="fl-e0"/>
      </object_component>
      <object_component id="oc-285">
         <name>.debug_info</name>
         <load_address>0xc831</load_address>
         <run_address>0xc831</run_address>
         <size>0x2b9</size>
         <input_file_ref idref="fl-e2"/>
      </object_component>
      <object_component id="oc-223">
         <name>.debug_info</name>
         <load_address>0xcaea</load_address>
         <run_address>0xcaea</run_address>
         <size>0x17c</size>
         <input_file_ref idref="fl-e2"/>
      </object_component>
      <object_component id="oc-2ed">
         <name>.debug_info</name>
         <load_address>0xcc66</load_address>
         <run_address>0xcc66</run_address>
         <size>0xf9</size>
         <input_file_ref idref="fl-e3"/>
      </object_component>
      <object_component id="oc-282">
         <name>.debug_info</name>
         <load_address>0xcd5f</load_address>
         <run_address>0xcd5f</run_address>
         <size>0x105</size>
         <input_file_ref idref="fl-e3"/>
      </object_component>
      <object_component id="oc-2cc">
         <name>.debug_info</name>
         <load_address>0xce64</load_address>
         <run_address>0xce64</run_address>
         <size>0x2a7</size>
         <input_file_ref idref="fl-e4"/>
      </object_component>
      <object_component id="oc-24a">
         <name>.debug_info</name>
         <load_address>0xd10b</load_address>
         <run_address>0xd10b</run_address>
         <size>0x1b8</size>
         <input_file_ref idref="fl-e4"/>
      </object_component>
      <object_component id="oc-30e">
         <name>.debug_info</name>
         <load_address>0xd2c3</load_address>
         <run_address>0xd2c3</run_address>
         <size>0x29a</size>
         <input_file_ref idref="fl-e5"/>
      </object_component>
      <object_component id="oc-2c8">
         <name>.debug_info</name>
         <load_address>0xd55d</load_address>
         <run_address>0xd55d</run_address>
         <size>0x262</size>
         <input_file_ref idref="fl-e5"/>
      </object_component>
      <object_component id="oc-280">
         <name>.debug_info</name>
         <load_address>0xd7bf</load_address>
         <run_address>0xd7bf</run_address>
         <size>0x28f</size>
         <input_file_ref idref="fl-e6"/>
      </object_component>
      <object_component id="oc-21e">
         <name>.debug_info</name>
         <load_address>0xda4e</load_address>
         <run_address>0xda4e</run_address>
         <size>0x245</size>
         <input_file_ref idref="fl-e6"/>
      </object_component>
      <object_component id="oc-308">
         <name>.debug_info</name>
         <load_address>0xdc93</load_address>
         <run_address>0xdc93</run_address>
         <size>0x161</size>
         <input_file_ref idref="fl-e7"/>
      </object_component>
      <object_component id="oc-2f3">
         <name>.debug_info</name>
         <load_address>0xddf4</load_address>
         <run_address>0xddf4</run_address>
         <size>0x115</size>
         <input_file_ref idref="fl-e8"/>
      </object_component>
      <object_component id="oc-35d">
         <name>.debug_info</name>
         <load_address>0xdf09</load_address>
         <run_address>0xdf09</run_address>
         <size>0xa4</size>
      </object_component>
      <object_component id="oc-cd">
         <name>.debug_line</name>
         <load_address>0x0</load_address>
         <run_address>0x0</run_address>
         <size>0x42</size>
         <input_file_ref idref="fl-2"/>
      </object_component>
      <object_component id="oc-db">
         <name>.debug_line</name>
         <load_address>0x42</load_address>
         <run_address>0x42</run_address>
         <size>0x34</size>
         <input_file_ref idref="fl-2"/>
      </object_component>
      <object_component id="oc-d9">
         <name>.debug_line</name>
         <load_address>0x76</load_address>
         <run_address>0x76</run_address>
         <size>0x34</size>
         <input_file_ref idref="fl-2"/>
      </object_component>
      <object_component id="oc-32">
         <name>.debug_line</name>
         <load_address>0xaa</load_address>
         <run_address>0xaa</run_address>
         <size>0x1a8</size>
         <input_file_ref idref="fl-2"/>
      </object_component>
      <object_component id="oc-96">
         <name>.debug_line</name>
         <load_address>0x252</load_address>
         <run_address>0x252</run_address>
         <size>0x6f</size>
         <input_file_ref idref="fl-2"/>
      </object_component>
      <object_component id="oc-8f">
         <name>.debug_line</name>
         <load_address>0x2c1</load_address>
         <run_address>0x2c1</run_address>
         <size>0x20</size>
         <input_file_ref idref="fl-2"/>
      </object_component>
      <object_component id="oc-df">
         <name>.debug_line</name>
         <load_address>0x2e1</load_address>
         <run_address>0x2e1</run_address>
         <size>0x73</size>
         <input_file_ref idref="fl-2"/>
      </object_component>
      <object_component id="oc-8a">
         <name>.debug_line</name>
         <load_address>0x354</load_address>
         <run_address>0x354</run_address>
         <size>0x70</size>
         <input_file_ref idref="fl-2"/>
      </object_component>
      <object_component id="oc-1de">
         <name>.debug_line</name>
         <load_address>0x3c4</load_address>
         <run_address>0x3c4</run_address>
         <size>0x6b</size>
         <input_file_ref idref="fl-2"/>
      </object_component>
      <object_component id="oc-d1">
         <name>.debug_line</name>
         <load_address>0x42f</load_address>
         <run_address>0x42f</run_address>
         <size>0x34</size>
         <input_file_ref idref="fl-2"/>
      </object_component>
      <object_component id="oc-d6">
         <name>.debug_line</name>
         <load_address>0x463</load_address>
         <run_address>0x463</run_address>
         <size>0x74</size>
         <input_file_ref idref="fl-2"/>
      </object_component>
      <object_component id="oc-fc">
         <name>.debug_line</name>
         <load_address>0x4d7</load_address>
         <run_address>0x4d7</run_address>
         <size>0xb1</size>
         <input_file_ref idref="fl-3"/>
      </object_component>
      <object_component id="oc-3f">
         <name>.debug_line</name>
         <load_address>0x588</load_address>
         <run_address>0x588</run_address>
         <size>0x20</size>
         <input_file_ref idref="fl-3"/>
      </object_component>
      <object_component id="oc-78">
         <name>.debug_line</name>
         <load_address>0x5a8</load_address>
         <run_address>0x5a8</run_address>
         <size>0x43</size>
         <input_file_ref idref="fl-4"/>
      </object_component>
      <object_component id="oc-197">
         <name>.debug_line</name>
         <load_address>0x5eb</load_address>
         <run_address>0x5eb</run_address>
         <size>0xa0</size>
         <input_file_ref idref="fl-5"/>
      </object_component>
      <object_component id="oc-bd">
         <name>.debug_line</name>
         <load_address>0x68b</load_address>
         <run_address>0x68b</run_address>
         <size>0x11e</size>
         <input_file_ref idref="fl-5"/>
      </object_component>
      <object_component id="oc-11a">
         <name>.debug_line</name>
         <load_address>0x7a9</load_address>
         <run_address>0x7a9</run_address>
         <size>0x2f</size>
         <input_file_ref idref="fl-5"/>
      </object_component>
      <object_component id="oc-219">
         <name>.debug_line</name>
         <load_address>0x7d8</load_address>
         <run_address>0x7d8</run_address>
         <size>0x3b</size>
         <input_file_ref idref="fl-6"/>
      </object_component>
      <object_component id="oc-1c3">
         <name>.debug_line</name>
         <load_address>0x813</load_address>
         <run_address>0x813</run_address>
         <size>0x2e</size>
         <input_file_ref idref="fl-6"/>
      </object_component>
      <object_component id="oc-1bc">
         <name>.debug_line</name>
         <load_address>0x841</load_address>
         <run_address>0x841</run_address>
         <size>0x2e</size>
         <input_file_ref idref="fl-6"/>
      </object_component>
      <object_component id="oc-104">
         <name>.debug_line</name>
         <load_address>0x86f</load_address>
         <run_address>0x86f</run_address>
         <size>0x15a</size>
         <input_file_ref idref="fl-6"/>
      </object_component>
      <object_component id="oc-1c0">
         <name>.debug_line</name>
         <load_address>0x9c9</load_address>
         <run_address>0x9c9</run_address>
         <size>0x2e</size>
         <input_file_ref idref="fl-6"/>
      </object_component>
      <object_component id="oc-1e1">
         <name>.debug_line</name>
         <load_address>0x9f7</load_address>
         <run_address>0x9f7</run_address>
         <size>0x10f</size>
         <input_file_ref idref="fl-7"/>
      </object_component>
      <object_component id="oc-110">
         <name>.debug_line</name>
         <load_address>0xb06</load_address>
         <run_address>0xb06</run_address>
         <size>0x140</size>
         <input_file_ref idref="fl-7"/>
      </object_component>
      <object_component id="oc-f5">
         <name>.debug_line</name>
         <load_address>0xc46</load_address>
         <run_address>0xc46</run_address>
         <size>0x7d</size>
         <input_file_ref idref="fl-8"/>
      </object_component>
      <object_component id="oc-1c6">
         <name>.debug_line</name>
         <load_address>0xcc3</load_address>
         <run_address>0xcc3</run_address>
         <size>0x2e</size>
         <input_file_ref idref="fl-9"/>
      </object_component>
      <object_component id="oc-10d">
         <name>.debug_line</name>
         <load_address>0xcf1</load_address>
         <run_address>0xcf1</run_address>
         <size>0x26c</size>
         <input_file_ref idref="fl-9"/>
      </object_component>
      <object_component id="oc-eb">
         <name>.debug_line</name>
         <load_address>0xf5d</load_address>
         <run_address>0xf5d</run_address>
         <size>0x6b</size>
         <input_file_ref idref="fl-9"/>
      </object_component>
      <object_component id="oc-92">
         <name>.debug_line</name>
         <load_address>0xfc8</load_address>
         <run_address>0xfc8</run_address>
         <size>0x41</size>
         <input_file_ref idref="fl-a"/>
      </object_component>
      <object_component id="oc-34">
         <name>.debug_line</name>
         <load_address>0x1009</load_address>
         <run_address>0x1009</run_address>
         <size>0x41</size>
         <input_file_ref idref="fl-a"/>
      </object_component>
      <object_component id="oc-28">
         <name>.debug_line</name>
         <load_address>0x104a</load_address>
         <run_address>0x104a</run_address>
         <size>0xa1</size>
         <input_file_ref idref="fl-a"/>
      </object_component>
      <object_component id="oc-1b9">
         <name>.debug_line</name>
         <load_address>0x10eb</load_address>
         <run_address>0x10eb</run_address>
         <size>0x20</size>
         <input_file_ref idref="fl-b"/>
      </object_component>
      <object_component id="oc-ff">
         <name>.debug_line</name>
         <load_address>0x110b</load_address>
         <run_address>0x110b</run_address>
         <size>0xeb</size>
         <input_file_ref idref="fl-b"/>
      </object_component>
      <object_component id="oc-15f">
         <name>.debug_line</name>
         <load_address>0x11f6</load_address>
         <run_address>0x11f6</run_address>
         <size>0x52</size>
         <input_file_ref idref="fl-c"/>
      </object_component>
      <object_component id="oc-264">
         <name>.debug_line</name>
         <load_address>0x1248</load_address>
         <run_address>0x1248</run_address>
         <size>0x2d</size>
         <input_file_ref idref="fl-c6"/>
      </object_component>
      <object_component id="oc-171">
         <name>.debug_line</name>
         <load_address>0x1275</load_address>
         <run_address>0x1275</run_address>
         <size>0x4b</size>
         <input_file_ref idref="fl-c6"/>
      </object_component>
      <object_component id="oc-1ce">
         <name>.debug_line</name>
         <load_address>0x12c0</load_address>
         <run_address>0x12c0</run_address>
         <size>0x4b</size>
         <input_file_ref idref="fl-c6"/>
      </object_component>
      <object_component id="oc-1d8">
         <name>.debug_line</name>
         <load_address>0x130b</load_address>
         <run_address>0x130b</run_address>
         <size>0x3f</size>
         <input_file_ref idref="fl-c6"/>
      </object_component>
      <object_component id="oc-2d9">
         <name>.debug_line</name>
         <load_address>0x134a</load_address>
         <run_address>0x134a</run_address>
         <size>0x91</size>
         <input_file_ref idref="fl-c6"/>
      </object_component>
      <object_component id="oc-191">
         <name>.debug_line</name>
         <load_address>0x13db</load_address>
         <run_address>0x13db</run_address>
         <size>0xac</size>
         <input_file_ref idref="fl-c7"/>
      </object_component>
      <object_component id="oc-26e">
         <name>.debug_line</name>
         <load_address>0x1487</load_address>
         <run_address>0x1487</run_address>
         <size>0x9a</size>
         <input_file_ref idref="fl-c7"/>
      </object_component>
      <object_component id="oc-1f5">
         <name>.debug_line</name>
         <load_address>0x1521</load_address>
         <run_address>0x1521</run_address>
         <size>0x97</size>
         <input_file_ref idref="fl-c7"/>
      </object_component>
      <object_component id="oc-18e">
         <name>.debug_line</name>
         <load_address>0x15b8</load_address>
         <run_address>0x15b8</run_address>
         <size>0xd2</size>
         <input_file_ref idref="fl-c8"/>
      </object_component>
      <object_component id="oc-183">
         <name>.debug_line</name>
         <load_address>0x168a</load_address>
         <run_address>0x168a</run_address>
         <size>0xa8</size>
         <input_file_ref idref="fl-c9"/>
      </object_component>
      <object_component id="oc-189">
         <name>.debug_line</name>
         <load_address>0x1732</load_address>
         <run_address>0x1732</run_address>
         <size>0x8e</size>
         <input_file_ref idref="fl-ca"/>
      </object_component>
      <object_component id="oc-1ed">
         <name>.debug_line</name>
         <load_address>0x17c0</load_address>
         <run_address>0x17c0</run_address>
         <size>0x50</size>
         <input_file_ref idref="fl-cb"/>
      </object_component>
      <object_component id="oc-45">
         <name>.debug_line</name>
         <load_address>0x1810</load_address>
         <run_address>0x1810</run_address>
         <size>0x88</size>
         <input_file_ref idref="fl-cc"/>
      </object_component>
      <object_component id="oc-17e">
         <name>.debug_line</name>
         <load_address>0x1898</load_address>
         <run_address>0x1898</run_address>
         <size>0x4c</size>
         <input_file_ref idref="fl-cd"/>
      </object_component>
      <object_component id="oc-ee">
         <name>.debug_line</name>
         <load_address>0x18e4</load_address>
         <run_address>0x18e4</run_address>
         <size>0x92</size>
         <input_file_ref idref="fl-ce"/>
      </object_component>
      <object_component id="oc-50">
         <name>.debug_line</name>
         <load_address>0x1976</load_address>
         <run_address>0x1976</run_address>
         <size>0x56</size>
         <input_file_ref idref="fl-ce"/>
      </object_component>
      <object_component id="oc-aa">
         <name>.debug_line</name>
         <load_address>0x19cc</load_address>
         <run_address>0x19cc</run_address>
         <size>0x34</size>
         <input_file_ref idref="fl-ce"/>
      </object_component>
      <object_component id="oc-a5">
         <name>.debug_line</name>
         <load_address>0x1a00</load_address>
         <run_address>0x1a00</run_address>
         <size>0x20</size>
         <input_file_ref idref="fl-cf"/>
      </object_component>
      <object_component id="oc-1c">
         <name>.debug_line</name>
         <load_address>0x1a20</load_address>
         <run_address>0x1a20</run_address>
         <size>0x55</size>
         <input_file_ref idref="fl-cf"/>
      </object_component>
      <object_component id="oc-4a">
         <name>.debug_line</name>
         <load_address>0x1a75</load_address>
         <run_address>0x1a75</run_address>
         <size>0x3a</size>
         <input_file_ref idref="fl-cf"/>
      </object_component>
      <object_component id="oc-a2">
         <name>.debug_line</name>
         <load_address>0x1aaf</load_address>
         <run_address>0x1aaf</run_address>
         <size>0x92</size>
         <input_file_ref idref="fl-cf"/>
      </object_component>
      <object_component id="oc-e7">
         <name>.debug_line</name>
         <load_address>0x1b41</load_address>
         <run_address>0x1b41</run_address>
         <size>0x20</size>
         <input_file_ref idref="fl-d0"/>
      </object_component>
      <object_component id="oc-16">
         <name>.debug_line</name>
         <load_address>0x1b61</load_address>
         <run_address>0x1b61</run_address>
         <size>0xa9</size>
         <input_file_ref idref="fl-d0"/>
      </object_component>
      <object_component id="oc-3a">
         <name>.debug_line</name>
         <load_address>0x1c0a</load_address>
         <run_address>0x1c0a</run_address>
         <size>0x3a</size>
         <input_file_ref idref="fl-d0"/>
      </object_component>
      <object_component id="oc-e4">
         <name>.debug_line</name>
         <load_address>0x1c44</load_address>
         <run_address>0x1c44</run_address>
         <size>0x9a</size>
         <input_file_ref idref="fl-d0"/>
      </object_component>
      <object_component id="oc-9b">
         <name>.debug_line</name>
         <load_address>0x1cde</load_address>
         <run_address>0x1cde</run_address>
         <size>0x96</size>
         <input_file_ref idref="fl-d0"/>
      </object_component>
      <object_component id="oc-2e8">
         <name>.debug_line</name>
         <load_address>0x1d74</load_address>
         <run_address>0x1d74</run_address>
         <size>0x20</size>
         <input_file_ref idref="fl-d1"/>
      </object_component>
      <object_component id="oc-2e6">
         <name>.debug_line</name>
         <load_address>0x1d94</load_address>
         <run_address>0x1d94</run_address>
         <size>0x2b</size>
         <input_file_ref idref="fl-d1"/>
      </object_component>
      <object_component id="oc-1eb">
         <name>.debug_line</name>
         <load_address>0x1dbf</load_address>
         <run_address>0x1dbf</run_address>
         <size>0x40</size>
         <input_file_ref idref="fl-d1"/>
      </object_component>
      <object_component id="oc-72">
         <name>.debug_line</name>
         <load_address>0x1dff</load_address>
         <run_address>0x1dff</run_address>
         <size>0x33</size>
         <input_file_ref idref="fl-d2"/>
      </object_component>
      <object_component id="oc-60">
         <name>.debug_line</name>
         <load_address>0x1e32</load_address>
         <run_address>0x1e32</run_address>
         <size>0x45</size>
         <input_file_ref idref="fl-d2"/>
      </object_component>
      <object_component id="oc-2d5">
         <name>.debug_line</name>
         <load_address>0x1e77</load_address>
         <run_address>0x1e77</run_address>
         <size>0x264</size>
         <input_file_ref idref="fl-d3"/>
      </object_component>
      <object_component id="oc-22a">
         <name>.debug_line</name>
         <load_address>0x20db</load_address>
         <run_address>0x20db</run_address>
         <size>0x7a</size>
         <input_file_ref idref="fl-d3"/>
      </object_component>
      <object_component id="oc-2a1">
         <name>.debug_line</name>
         <load_address>0x2155</load_address>
         <run_address>0x2155</run_address>
         <size>0x51</size>
         <input_file_ref idref="fl-d3"/>
      </object_component>
      <object_component id="oc-2a7">
         <name>.debug_line</name>
         <load_address>0x21a6</load_address>
         <run_address>0x21a6</run_address>
         <size>0x88</size>
         <input_file_ref idref="fl-d3"/>
      </object_component>
[...]
      <symbol id="sm-2">
         <name>__start___llvm_prf_cnts</name>
         <value>0x20000000</value>
      </symbol>
      <symbol id="sm-3">
         <name>__stop___llvm_prf_cnts</name>
         <value>0x20000000</value>
      </symbol>
      <symbol id="sm-4">
         <name>__TI_CINIT_Base</name>
         <value>0x3ee0</value>
      </symbol>
      <symbol id="sm-5">
         <name>__TI_CINIT_Limit</name>
         <value>0x3ef0</value>
      </symbol>
      <symbol id="sm-6">
         <name>__TI_Handler_Table_Base</name>
         <value>0x3ecc</value>
      </symbol>
      <symbol id="sm-7">
         <name>__TI_Handler_Table_Limit</name>
         <value>0x3ed8</value>
      </symbol>
      <symbol id="sm-8">
         <name>binit</name>
         <value>0xffffffff</value>
      </symbol>
      <symbol id="sm-9">
         <name>__binit__</name>
         <value>0xffffffff</value>
      </symbol>
      <symbol id="sm-a">
         <name>__STACK_SIZE</name>
         <value>0x800</value>
      </symbol>
      <symbol id="sm-b">
         <name>__STACK_END</name>
         <value>0x20001100</value>
      </symbol>
      <symbol id="sm-c">
         <name>__c_args__</name>
         <value>0xffffffff</value>
      </symbol>
      <symbol id="sm-d">
         <name>__TI_pprof_out_hndl</name>
         <value>0xffffffff</value>
      </symbol>
      <symbol id="sm-e">
         <name>__TI_prof_data_start</name>
         <value>0xffffffff</value>
      </symbol>
      <symbol id="sm-f">
         <name>__TI_prof_data_size</name>
         <value>0xffffffff</value>
      </symbol>
      <symbol id="sm-a0">
         <name>time</name>
         <value>0x20001100</value>
      </symbol>
      <symbol id="sm-a1">
         <name>code</name>
         <value>0x200011d5</value>
      </symbol>
      <symbol id="sm-a2">
         <name>valid</name>
         <value>0x200011d6</value>
      </symbol>
      <symbol id="sm-a3">
         <name>address</name>
         <value>0x200011d4</value>
      </symbol>
      <symbol id="sm-a4">
         <name>buttons</name>
         <value>0x20000000</value>
         <object_component_ref idref="oc-7d"/>
      </symbol>
      <symbol id="sm-a5">
         <name>initIR</name>
         <value>0x1821</value>
         <object_component_ref idref="oc-2d"/>
      </symbol>
      <symbol id="sm-a6">
         <name>enableWTimer3</name>
         <value>0x17e3</value>
         <object_component_ref idref="oc-2d"/>
      </symbol>
      <symbol id="sm-a7">
         <name>wideTimer3Isr</name>
         <value>0x1a0d</value>
         <object_component_ref idref="oc-2d"/>
      </symbol>
      <symbol id="sm-a8">
         <name>isValid</name>
         <value>0x1b01</value>
         <object_component_ref idref="oc-2d"/>
      </symbol>
      <symbol id="sm-a9">
         <name>createCode</name>
         <value>0x186f</value>
         <object_component_ref idref="oc-2d"/>
      </symbol>
      <symbol id="sm-aa">
         <name>clearCode</name>
         <value>0x1b15</value>
         <object_component_ref idref="oc-2d"/>
      </symbol>
      <symbol id="sm-ab">
         <name>findButton</name>
         <value>0x177d</value>
         <object_component_ref idref="oc-2d"/>
      </symbol>
      <symbol id="sm-ac">
         <name>count</name>
         <value>0x200008f6</value>
         <object_component_ref idref="oc-83"/>
      </symbol>
      <symbol id="sm-d4">
         <name>readAdc0Ss3</name>
         <value>0x2f1b</value>
         <object_component_ref idref="oc-f7"/>
      </symbol>
      <symbol id="sm-d5">
         <name>setAdc0Ss3Log2AverageCount</name>
         <value>0x2eaf</value>
         <object_component_ref idref="oc-f7"/>
      </symbol>
      <symbol id="sm-d6">
         <name>initAdc0Ss3</name>
         <value>0x2e41</value>
         <object_component_ref idref="oc-f7"/>
      </symbol>
      <symbol id="sm-d7">
         <name>setAdc0Ss3Mux</name>
         <value>0x2ef3</value>
         <object_component_ref idref="oc-f7"/>
      </symbol>
      <symbol id="sm-e4">
         <name>initSystemClockTo40Mhz</name>
         <value>0x3c29</value>
         <object_component_ref idref="oc-74"/>
      </symbol>
      <symbol id="sm-132">
         <name>initHw</name>
         <value>0x1375</value>
         <object_component_ref idref="oc-b9"/>
      </symbol>
      <symbol id="sm-133">
         <name>main</name>
         <value>0x137d</value>
         <object_component_ref idref="oc-b9"/>
      </symbol>
      <symbol id="sm-17c">
         <name>temp</name>
         <value>0x200008fd</value>
         <object_component_ref idref="oc-164"/>
      </symbol>
      <symbol id="sm-17d">
         <name>stepCW</name>
         <value>0x24e1</value>
         <object_component_ref idref="oc-103"/>
      </symbol>
      <symbol id="sm-17e">
         <name>initMotor</name>
         <value>0x25c7</value>
         <object_component_ref idref="oc-103"/>
      </symbol>
      <symbol id="sm-17f">
         <name>applyPhase</name>
         <value>0x261f</value>
         <object_component_ref idref="oc-103"/>
      </symbol>
      <symbol id="sm-180">
         <name>turnto</name>
         <value>0x256b</value>
         <object_component_ref idref="oc-103"/>
      </symbol>
      <symbol id="sm-181">
         <name>home</name>
         <value>0x251b</value>
         <object_component_ref idref="oc-103"/>
      </symbol>
      <symbol id="sm-182">
         <name>currentPhase</name>
         <value>0x200008fe</value>
         <object_component_ref idref="oc-164"/>
      </symbol>
      <symbol id="sm-183">
         <name>tubePos</name>
         <value>0x200008f0</value>
         <object_component_ref idref="oc-167"/>
      </symbol>
      <symbol id="sm-184">
         <name>position</name>
         <value>0x200008fc</value>
         <object_component_ref idref="oc-164"/>
      </symbol>
      <symbol id="sm-185">
         <name>stepCCW</name>
         <value>0x24a1</value>
         <object_component_ref idref="oc-103"/>
      </symbol>
      <symbol id="sm-186">
         <name>setPosition</name>
         <value>0x2557</value>
         <object_component_ref idref="oc-103"/>
      </symbol>
      <symbol id="sm-1d7">
         <name>pwm_r</name>
         <value>0x200011d2</value>
      </symbol>
      <symbol id="sm-1d8">
         <name>pwm_b</name>
         <value>0x200011ce</value>
      </symbol>
      <symbol id="sm-1d9">
         <name>pwm_g</name>
         <value>0x200011d0</value>
      </symbol>
      <symbol id="sm-1da">
         <name>analog_r</name>
         <value>0x200011cc</value>
      </symbol>
      <symbol id="sm-1db">
         <name>analog_b</name>
         <value>0x200011c8</value>
      </symbol>
      <symbol id="sm-1dc">
         <name>analog_g</name>
         <value>0x200011ca</value>
      </symbol>
      <symbol id="sm-1dd">
         <name>calibrate</name>
         <value>0xcbd</value>
         <object_component_ref idref="oc-10f"/>
      </symbol>
      <symbol id="sm-1de">
         <name>measure</name>
         <value>0xe87</value>
         <object_component_ref idref="oc-10f"/>
      </symbol>
      <symbol id="sm-1df">
         <name>measurepH</name>
         <value>0x1051</value>
         <object_component_ref idref="oc-10f"/>
      </symbol>
      <symbol id="sm-1ff">
         <name>setRgbColor</name>
         <value>0x2c87</value>
         <object_component_ref idref="oc-f1"/>
      </symbol>
      <symbol id="sm-200">
         <name>initRgb</name>
         <value>0x2bb9</value>
         <object_component_ref idref="oc-f1"/>
      </symbol>
      <symbol id="sm-245">
         <name>stringToint32</name>
         <value>0x1d89</value>
         <object_component_ref idref="oc-109"/>
      </symbol>
      <symbol id="sm-246">
         <name>isCommand</name>
         <value>0x1e7b</value>
         <object_component_ref idref="oc-109"/>
      </symbol>
      <symbol id="sm-247">
         <name>isDelimiter</name>
         <value>0x1c49</value>
         <object_component_ref idref="oc-109"/>
      </symbol>
      <symbol id="sm-248">
         <name>getFieldString</name>
         <value>0x1df3</value>
         <object_component_ref idref="oc-109"/>
      </symbol>
      <symbol id="sm-249">
         <name>isDigit</name>
         <value>0x1c17</value>
         <object_component_ref idref="oc-109"/>
      </symbol>
      <symbol id="sm-24a">
         <name>parseFields</name>
         <value>0x1c6b</value>
         <object_component_ref idref="oc-109"/>
      </symbol>
      <symbol id="sm-24b">
         <name>getFieldInteger</name>
         <value>0x1e37</value>
         <object_component_ref idref="oc-109"/>
      </symbol>
      <symbol id="sm-24c">
         <name>isAlpha</name>
         <value>0x1be5</value>
         <object_component_ref idref="oc-109"/>
      </symbol>
      <symbol id="sm-24d">
         <name>stringEqual</name>
         <value>0x1eed</value>
         <object_component_ref idref="oc-109"/>
      </symbol>
      <symbol id="sm-24e">
         <name>getsUart0</name>
         <value>0x1b7d</value>
         <object_component_ref idref="oc-109"/>
      </symbol>
      <symbol id="sm-26a">
         <name>ResetISR</name>
         <value>0x3c47</value>
         <object_component_ref idref="oc-27"/>
      </symbol>
      <symbol id="sm-26b">
         <name>g_pfnVectors</name>
         <value>0x0</value>
         <object_component_ref idref="oc-12"/>
      </symbol>
      <symbol id="sm-292">
         <name>getcUart0</name>
         <value>0x2b55</value>
         <object_component_ref idref="oc-fd"/>
      </symbol>
      <symbol id="sm-293">
         <name>kbhitUart0</name>
         <value>0x2b69</value>
         <object_component_ref idref="oc-fd"/>
      </symbol>
      <symbol id="sm-294">
         <name>setUart0BaudRate</name>
         <value>0x2ad5</value>
         <object_component_ref idref="oc-fd"/>
      </symbol>
      <symbol id="sm-295">
         <name>putsUart0</name>
         <value>0x2b31</value>
         <object_component_ref idref="oc-fd"/>
      </symbol>
      <symbol id="sm-296">
         <name>initUart0</name>
         <value>0x2a61</value>
         <object_component_ref idref="oc-fd"/>
      </symbol>
      <symbol id="sm-297">
         <name>putcUart0</name>
         <value>0x2b15</value>
         <object_component_ref idref="oc-fd"/>
      </symbol>
      <symbol id="sm-2a5">
         <name>waitMicrosecond</name>
         <value>0x3b3f</value>
         <object_component_ref idref="oc-15e"/>
      </symbol>
      <symbol id="sm-2cc">
         <name>sprintf</name>
         <value>0x3a5d</value>
         <object_component_ref idref="oc-16d"/>
      </symbol>
      <symbol id="sm-2ff">
         <name>log10</name>
         <value>0x1f3d</value>
         <object_component_ref idref="oc-18f"/>
      </symbol>
      <symbol id="sm-300">
         <name>log10l</name>
         <value>0x1f3d</value>
         <object_component_ref idref="oc-18f"/>
      </symbol>
      <symbol id="sm-317">
         <name>__aeabi_dsub</name>
         <value>0x28a9</value>
         <object_component_ref idref="oc-18a"/>
      </symbol>
      <symbol id="sm-318">
         <name>__aeabi_dadd</name>
         <value>0x28b3</value>
         <object_component_ref idref="oc-18a"/>
      </symbol>
      <symbol id="sm-32c">
         <name>__aeabi_ddiv</name>
         <value>0x2f7d</value>
         <object_component_ref idref="oc-17f"/>
      </symbol>
      <symbol id="sm-337">
         <name>__aeabi_dmul</name>
         <value>0x32e9</value>
         <object_component_ref idref="oc-185"/>
      </symbol>
      <symbol id="sm-341">
         <name>__aeabi_i2d</name>
         <value>0x3b11</value>
         <object_component_ref idref="oc-1ec"/>
      </symbol>
      <symbol id="sm-35c">
         <name>memcpy</name>
         <value>0x3497</value>
         <object_component_ref idref="oc-41"/>
      </symbol>
      <symbol id="sm-35d">
         <name>__aeabi_memcpy</name>
         <value>0x3497</value>
         <object_component_ref idref="oc-41"/>
      </symbol>
      <symbol id="sm-35e">
         <name>__aeabi_memcpy8</name>
         <value>0x3497</value>
         <object_component_ref idref="oc-41"/>
      </symbol>
      <symbol id="sm-35f">
         <name>__aeabi_memcpy4</name>
         <value>0x3497</value>
         <object_component_ref idref="oc-41"/>
      </symbol>
      <symbol id="sm-369">
         <name>__aeabi_ui2d</name>
         <value>0x3b63</value>
         <object_component_ref idref="oc-17a"/>
      </symbol>
      <symbol id="sm-37d">
         <name>__TI_zero_init_nomemset</name>
         <value>0x3b83</value>
         <object_component_ref idref="oc-4d"/>
      </symbol>
      <symbol id="sm-394">
         <name>__TI_decompress_none</name>
         <value>0x3c39</value>
         <object_component_ref idref="oc-1b"/>
      </symbol>
      <symbol id="sm-3b7">
         <name>__TI_decompress_lzss</name>
         <value>0x37bd</value>
         <object_component_ref idref="oc-15"/>
      </symbol>
      <symbol id="sm-3cd">
         <name>__aeabi_errno_addr</name>
         <value>0x3c5d</value>
         <object_component_ref idref="oc-1e6"/>
      </symbol>
      <symbol id="sm-3ce">
         <name>errno</name>
         <value>0x200008f8</value>
         <object_component_ref idref="oc-265"/>
      </symbol>
      <symbol id="sm-3e1">
         <name>__stack</name>
         <value>0x20000900</value>
         <object_component_ref idref="oc-24"/>
      </symbol>
      <symbol id="sm-3e2">
         <name>_c_int00_noargs</name>
         <value>0x3add</value>
         <object_component_ref idref="oc-5f"/>
      </symbol>
      <symbol id="sm-547">
         <name>__TI_printfi</name>
         <value>0x26d</value>
         <object_component_ref idref="oc-1c7"/>
      </symbol>
      <symbol id="sm-567">
         <name>frexpl</name>
         <value>0x3825</value>
         <object_component_ref idref="oc-2b8"/>
      </symbol>
      <symbol id="sm-568">
         <name>frexp</name>
         <value>0x3825</value>
         <object_component_ref idref="oc-2b8"/>
      </symbol>
      <symbol id="sm-585">
         <name>scalbn</name>
         <value>0x31d9</value>
         <object_component_ref idref="oc-2be"/>
      </symbol>
      <symbol id="sm-586">
         <name>scalbnl</name>
         <value>0x31d9</value>
         <object_component_ref idref="oc-2be"/>
      </symbol>
      <symbol id="sm-587">
         <name>ldexpl</name>
         <value>0x31d9</value>
         <object_component_ref idref="oc-2be"/>
      </symbol>
      <symbol id="sm-588">
         <name>ldexp</name>
         <value>0x31d9</value>
         <object_component_ref idref="oc-2be"/>
      </symbol>
      <symbol id="sm-5a1">
         <name>wcslen</name>
         <value>0x3c17</value>
         <object_component_ref idref="oc-24f"/>
      </symbol>
      <symbol id="sm-5c3">
         <name>__aeabi_cdcmpeq</name>
         <value>0x35c9</value>
         <object_component_ref idref="oc-22c"/>
      </symbol>
      <symbol id="sm-5c4">
         <name>__aeabi_cdcmple</name>
         <value>0x35c9</value>
         <object_component_ref idref="oc-22c"/>
      </symbol>
      <symbol id="sm-5c5">
         <name>__aeabi_cdrcmple</name>
         <value>0x364f</value>
         <object_component_ref idref="oc-28d"/>
      </symbol>
      <symbol id="sm-5cf">
         <name>__aeabi_d2iz</name>
         <value>0x39d1</value>
         <object_component_ref idref="oc-292"/>
      </symbol>
      <symbol id="sm-5dc">
         <name>__aeabi_uldivmod</name>
         <value>0x3533</value>
         <object_component_ref idref="oc-286"/>
      </symbol>
      <symbol id="sm-5eb">
         <name>__aeabi_memset</name>
         <value>0x36d7</value>
         <object_component_ref idref="oc-ad"/>
      </symbol>
      <symbol id="sm-5ec">
         <name>memset</name>
         <value>0x36dd</value>
         <object_component_ref idref="oc-ad"/>
      </symbol>
      <symbol id="sm-5ed">
         <name>__aeabi_memset8</name>
         <value>0x36d7</value>
         <object_component_ref idref="oc-ad"/>
      </symbol>
      <symbol id="sm-5ee">
         <name>__aeabi_memset4</name>
         <value>0x36d7</value>
         <object_component_ref idref="oc-ad"/>
      </symbol>
      <symbol id="sm-5ef">
         <name>__aeabi_memclr8</name>
         <value>0x36d5</value>
         <object_component_ref idref="oc-ad"/>
      </symbol>
      <symbol id="sm-5f0">
         <name>__aeabi_memclr4</name>
         <value>0x36d5</value>
         <object_component_ref idref="oc-ad"/>
      </symbol>
      <symbol id="sm-5f1">
         <name>__aeabi_memclr</name>
         <value>0x36d5</value>
         <object_component_ref idref="oc-ad"/>
      </symbol>
      <symbol id="sm-619">
         <name>__TI_auto_init_nobinit_nopinit</name>
         <value>0x3a19</value>
         <object_component_ref idref="oc-128"/>
      </symbol>
      <symbol id="sm-623">
         <name>_system_pre_init</name>
         <value>0x3c65</value>
         <object_component_ref idref="oc-b3"/>
      </symbol>
      <symbol id="sm-62f">
         <name>C$$EXIT</name>
         <value>0x3c69</value>
         <object_component_ref idref="oc-11c"/>
      </symbol>
      <symbol id="sm-630">
         <name>abort</name>
         <value>0x3c69</value>
         <object_component_ref idref="oc-11c"/>
      </symbol>
      <symbol id="sm-640">
         <name>__TI_ltoa</name>
         <value>0x38df</value>
         <object_component_ref idref="oc-297"/>
      </symbol>
      <symbol id="sm-657">
         <name>atoi</name>
         <value>0x3985</value>
         <object_component_ref idref="oc-220"/>
      </symbol>
      <symbol id="sm-662">
         <name>_ctypes_</name>
         <value>0x3c6c</value>
         <object_component_ref idref="oc-281"/>
      </symbol>
      <symbol id="sm-672">
         <name>memccpy</name>
         <value>0x3b9f</value>
         <object_component_ref idref="oc-249"/>
      </symbol>
      <symbol id="sm-682">
         <name>strchr</name>
         <value>0x3bed</value>
         <object_component_ref idref="oc-2c4"/>
      </symbol>
      <symbol id="sm-690">
         <name>strlen</name>
         <value>0x3c03</value>
         <object_component_ref idref="oc-21a"/>
      </symbol>
      <symbol id="sm-69a">
         <name>copysign</name>
         <value>0x3bbb</value>
         <object_component_ref idref="oc-305"/>
      </symbol>
      <symbol id="sm-69b">
         <name>copysignl</name>
         <value>0x3bbb</value>
         <object_component_ref idref="oc-305"/>
      </symbol>
      <symbol id="sm-6a5">
         <name>__aeabi_idiv0</name>
         <value>0xcbb</value>
         <object_component_ref idref="oc-2f0"/>
      </symbol>
      <symbol id="sm-6a6">
         <name>__aeabi_ldiv0</name>
         <value>0xcbb</value>
         <object_component_ref idref="oc-2f0"/>
      </symbol>
      <symbol id="sm-6a7">
         <name>__TI_static_base__</name>
         <value>0x0</value>
      </symbol>
      <symbol id="sm-6aa">
         <name>__mpu_init</name>
         <value>0x0</value>
      </symbol>
      <symbol id="sm-6ab">
         <name>_system_post_cinit</name>
         <value>0x0</value>
      </symbol>
   </symbol_table>
   <title>Link successful</title>
</link_info>
