******************************************************************************
                  TI ARM Linker PC v20.2.5                     
******************************************************************************
>> Linked Thu May 12 00:03:28 2022

OUTPUT FILE NAME:   <Colorimeter-based-Chemical-Analyzer.out>
ENTRY POINT SYMBOL: "_c_int00_noargs"  address: 00003add


MEMORY CONFIGURATION

         name            origin    length      used     unused   attr    fill
----------------------  --------  ---------  --------  --------  ----  --------
  FLASH                 00000000   00040000  00003eed  0003c113  R  X
  SRAM                  20000000   00008000  000011d6  00006e2a  RW X


SEGMENT ALLOCATION MAP

run origin  load origin   length   init length attrs members
----------  ----------- ---------- ----------- ----- -------
00000000    00000000    00003ef0   00003ef0    r-x
  00000000    00000000    0000026c   0000026c    r-- .intvecs
  0000026c    0000026c    00003a00   00003a00    r-x .text
  00003c6c    00003c6c    00000101   00000101    r-- .const
  00003d70    00003d70    00000180   00000180    r-- .cinit
20000000    20000000    000011d7   00000000    rw-
  20000000    20000000    000008ff   00000000    rw- .data
  20000900    20000900    00000800   00000000    rw- .stack
  20001100    20001100    000000d7   00000000    rw- .bss


SECTION ALLOCATION MAP

 output                                  attributes/
section   page    origin      length       input sections
--------  ----  ----------  ----------   ----------------
.intvecs   0    00000000    0000026c     
                  00000000    0000026c     tm4c123gh6pm_startup_ccs.obj (.intvecs)

.text      0    0000026c    00003a00     
                  0000026c    00000a4e     rtsv7M4_T_le_v4SPD16_eabi.lib : _printfi.c.obj (.text:__TI_printfi)
                  00000cba    00000002                                   : div0.asm.obj (.text)
                  00000cbc    000006b8     pH_Calculator.obj (.text)
                  00001374    00000408     main.obj (.text)
                  0000177c    00000400     IR_Receiver.obj (.text)
                  00001b7c    000003be     serial.obj (.text)
                  00001f3a    00000002     --HOLE-- [fill = 0]
                  00001f3c    000002f4     rtsv7M4_T_le_v4SPD16_eabi.lib : e_log10.c.obj (.text:log10)
                  00002230    00000270                                   : _printfi.c.obj (.text:_pconv_a)
                  000024a0    00000238     motor.obj (.text)
                  000026d8    000001d0     rtsv7M4_T_le_v4SPD16_eabi.lib : _printfi.c.obj (.text:_pconv_g)
                  000028a8    000001b6                                   : fd_add_t2.asm.obj (.text)
                  00002a5e    00000002     --HOLE-- [fill = 0]
                  00002a60    00000158     uart0.obj (.text)
                  00002bb8    0000014c     rgb_led.obj (.text)
                  00002d04    0000013c     rtsv7M4_T_le_v4SPD16_eabi.lib : _printfi.c.obj (.text:_pconv_e)
                  00002e40    0000013c     adc0.obj (.text)
                  00002f7c    00000136     rtsv7M4_T_le_v4SPD16_eabi.lib : fd_div_t2.asm.obj (.text)
                  000030b2    00000002     --HOLE-- [fill = 0]
                  000030b4    00000124                                   : _printfi.c.obj (.text:fcvt)
                  000031d8    00000110                                   : s_scalbn.c.obj (.text:scalbn)
                  000032e8    000000fc                                   : fd_mul_t2.asm.obj (.text)
                  000033e4    000000b1                                   : _printfi.c.obj (.text:_ltostr)
                  00003495    00000001     --HOLE-- [fill = 0]
                  00003496    0000009c                                   : memcpy_t2.asm.obj (.text)
                  00003532    00000096                                   : ull_div_t2.asm.obj (.text)
                  000035c8    00000086                                   : fd_cmp_t2.asm.obj (.text:__aeabi_cdcmple)
                  0000364e    00000086                                   : fd_cmp_t2.asm.obj (.text:__aeabi_cdrcmple)
                  000036d4    0000007a                                   : memset_t2.asm.obj (.text)
                  0000374e    0000006e                                   : _printfi.c.obj (.text:_mcpy)
                  000037bc    00000068                                   : copy_decompress_lzss.c.obj (.text:decompress:lzss:__TI_decompress_lzss)
                  00003824    00000064                                   : s_frexp.c.obj (.text:frexp)
                  00003888    00000056                                   : _printfi.c.obj (.text:_pconv_f)
                  000038de    00000054                                   : _ltoa.c.obj (.text:__TI_ltoa)
                  00003932    00000052                                   : _printfi.c.obj (.text:_ecpy)
                  00003984    0000004c                                   : atoi.c.obj (.text:atoi)
                  000039d0    00000048                                   : fd_toi_t2.asm.obj (.text)
                  00003a18    00000044                                   : autoinit.c.obj (.text:__TI_auto_init_nobinit_nopinit:__TI_auto_init_nobinit_nopinit)
                  00003a5c    00000040                                   : sprintf.c.obj (.text:sprintf)
                  00003a9c    0000003e                                   : _printfi.c.obj (.text:_fcpy)
                  00003ada    00000002     --HOLE-- [fill = 0]
                  00003adc    00000034                                   : boot_cortex_m.c.obj (.text:_c_int00_noargs:_c_int00_noargs)
                  00003b10    0000002e                                   : i_tofd_t2.asm.obj (.text)
                  00003b3e    00000024     wait.obj (.text)
                  00003b62    00000020     rtsv7M4_T_le_v4SPD16_eabi.lib : u_tofd_t2.asm.obj (.text)
                  00003b82    0000001c                                   : copy_zero_init.c.obj (.text:decompress:ZI:__TI_zero_init_nomemset:__TI_zero_init_nomemset)
                  00003b9e    0000001c                                   : memccpy.c.obj (.text:memccpy)
                  00003bba    0000001a                                   : s_copysign.c.obj (.text:copysign)
                  00003bd4    00000018                                   : sprintf.c.obj (.text:_outs)
                  00003bec    00000016                                   : strchr.c.obj (.text:strchr)
                  00003c02    00000014                                   : strlen.c.obj (.text:strlen)
                  00003c16    00000012                                   : wcslen.c.obj (.text:wcslen)
                  00003c28    00000010     clock.obj (.text)
                  00003c38    0000000e     rtsv7M4_T_le_v4SPD16_eabi.lib : copy_decompress_none.c.obj (.text:decompress:none:__TI_decompress_none)
                  00003c46    0000000c     tm4c123gh6pm_startup_ccs.obj (.text)
                  00003c52    0000000a     rtsv7M4_T_le_v4SPD16_eabi.lib : sprintf.c.obj (.text:_outc)
                  00003c5c    00000008                                   : errno.c.obj (.text:__aeabi_errno_addr)
                  00003c64    00000004                                   : pre_init.c.obj (.text:_system_pre_init)
                  00003c68    00000004                                   : exit.c.obj (.text:abort:abort)

.const     0    00003c6c    00000101     
                  00003c6c    00000101     rtsv7M4_T_le_v4SPD16_eabi.lib : ctype.c.obj (.const:.string:_ctypes_)

.cinit     0    00003d70    00000180     
                  00003d70    0000015c     (.cinit..data.load) [load image, compression = lzss]
                  00003ecc    0000000c     (__TI_handler_table)
                  00003ed8    00000008     (.cinit..bss.load) [load image, compression = zero_init]
                  00003ee0    00000010     (__TI_cinit_table)

.init_array 
*          0    00000000    00000000     UNINITIALIZED

.data      0    20000000    000008ff     UNINITIALIZED
                  20000000    000008f0     IR_Receiver.obj (.data:buttons)
                  200008f0    00000006     motor.obj (.data:tubePos)
                  200008f6    00000001     IR_Receiver.obj (.data)
                  200008f7    00000001     --HOLE--
                  200008f8    00000004     rtsv7M4_T_le_v4SPD16_eabi.lib : errno.c.obj (.data)
                  200008fc    00000003     motor.obj (.data)

.bss       0    20001100    000000d7     UNINITIALIZED
                  20001100    000000c8     (.common:time)
                  200011c8    00000002     (.common:analog_b)
                  200011ca    00000002     (.common:analog_g)
                  200011cc    00000002     (.common:analog_r)
                  200011ce    00000002     (.common:pwm_b)
                  200011d0    00000002     (.common:pwm_g)
                  200011d2    00000002     (.common:pwm_r)
                  200011d4    00000001     (.common:address)
                  200011d5    00000001     (.common:code)
                  200011d6    00000001     (.common:valid)

.stack     0    20000900    00000800     UNINITIALIZED
                  20000900    00000004     rtsv7M4_T_le_v4SPD16_eabi.lib : boot_cortex_m.c.obj (.stack)
                  20000904    000007fc     --HOLE--

__llvm_prf_cnts 
*          0    20000000    00000000     UNINITIALIZED

MODULE SUMMARY

       Module                         code    ro data   rw data
       ------                         ----    -------   -------
    .\
       IR_Receiver.obj                1024    0         2492   
       pH_Calculator.obj              1720    0         12     
       main.obj                       1032    0         0      
       serial.obj                     958     0         0      
       tm4c123gh6pm_startup_ccs.obj   12      620       0      
       motor.obj                      568     0         9      
       uart0.obj                      344     0         0      
       rgb_led.obj                    332     0         0      
       adc0.obj                       316     0         0      
       wait.obj                       36      0         0      
       clock.obj                      16      0         0      
    +--+------------------------------+-------+---------+---------+
       Total:                         6358    620       2513   
                                                               
    C:\ti\ccs1110\ccs\tools\compiler\ti-cgt-arm_20.2.5.LTS\lib\rtsv7M4_T_le_v4SPD16_eabi.lib
       _printfi.c.obj                 4851    0         0      
       e_log10.c.obj                  756     0         0      
       fd_add_t2.asm.obj              438     0         0      
       fd_div_t2.asm.obj              310     0         0      
       s_scalbn.c.obj                 272     0         0      
       fd_cmp_t2.asm.obj              268     0         0      
       ctype.c.obj                    0       257       0      
       fd_mul_t2.asm.obj              252     0         0      
       memcpy_t2.asm.obj              156     0         0      
       ull_div_t2.asm.obj             150     0         0      
       memset_t2.asm.obj              122     0         0      
       copy_decompress_lzss.c.obj     104     0         0      
       s_frexp.c.obj                  100     0         0      
       sprintf.c.obj                  98      0         0      
       _ltoa.c.obj                    84      0         0      
       atoi.c.obj                     76      0         0      
       fd_toi_t2.asm.obj              72      0         0      
       autoinit.c.obj                 68      0         0      
       boot_cortex_m.c.obj            52      0         0      
       i_tofd_t2.asm.obj              46      0         0      
       u_tofd_t2.asm.obj              32      0         0      
       copy_zero_init.c.obj           28      0         0      
       memccpy.c.obj                  28      0         0      
       s_copysign.c.obj               26      0         0      
       strchr.c.obj                   22      0         0      
       strlen.c.obj                   20      0         0      
       wcslen.c.obj                   18      0         0      
       copy_decompress_none.c.obj     14      0         0      
       errno.c.obj                    8       0         4      
       exit.c.obj                     4       0         0      
       pre_init.c.obj                 4       0         0      
       div0.asm.obj                   2       0         0      
    +--+------------------------------+-------+---------+---------+
       Total:                         8481    257       4      
                                                               
       Stack:                         0       0         2048   
       Linker Generated:              0       384       0      
    +--+------------------------------+-------+---------+---------+
       Grand Total:                   14839   1261      4565   


LINKER GENERATED COPY TABLES

__TI_cinit_table @ 00003ee0 records: 2, size/record: 8, table size: 16
	.data: load addr=00003d70, load size=0000015c bytes, run addr=20000000, run size=000008ff bytes, compression=lzss
	.bss: load addr=00003ed8, load size=00000008 bytes, run addr=20001100, run size=000000d7 bytes, compression=zero_init


LINKER GENERATED HANDLER TABLE

__TI_handler_table @ 00003ecc records: 3, size/record: 4, table size: 12
	index: 0, handler: __TI_decompress_lzss
	index: 1, handler: __TI_decompress_none
	index: 2, handler: __TI_zero_init


GLOBAL SYMBOLS: SORTED ALPHABETICALLY BY Name 

address   name                          
-------   ----                          
00003c69  C$$EXIT                       
00003c47  ResetISR                      
20001100  __STACK_END                   
00000800  __STACK_SIZE                  
20000b00  __STACK_TOP                   
00003ee0  __TI_CINIT_Base               
00003ef0  __TI_CINIT_Limit              
00003ecc  __TI_Handler_Table_Base       
00003ed8  __TI_Handler_Table_Limit      
00003a19  __TI_auto_init_nobinit_nopinit
000037bd  __TI_decompress_lzss          
00003c39  __TI_decompress_none          
000038df  __TI_ltoa                     
ffffffff  __TI_pprof_out_hndl           
0000026d  __TI_printfi                  
ffffffff  __TI_prof_data_size           
ffffffff  __TI_prof_data_start          
00000000  __TI_static_base__            
00003b83  __TI_zero_init_nomemset       
000035c9  __aeabi_cdcmpeq               
000035c9  __aeabi_cdcmple               
0000364f  __aeabi_cdrcmple              
000039d1  __aeabi_d2iz                  
000028b3  __aeabi_dadd                  
00002f7d  __aeabi_ddiv                  
000032e9  __aeabi_dmul                  
000028a9  __aeabi_dsub                  
00003c5d  __aeabi_errno_addr            
00003b11  __aeabi_i2d                   
00000cbb  __aeabi_idiv0                 
00000cbb  __aeabi_ldiv0                 
000036d5  __aeabi_memclr                
000036d5  __aeabi_memclr4               
000036d5  __aeabi_memclr8               
00003497  __aeabi_memcpy                
00003497  __aeabi_memcpy4               
00003497  __aeabi_memcpy8               
000036d7  __aeabi_memset                
000036d7  __aeabi_memset4               
000036d7  __aeabi_memset8               
00003b63  __aeabi_ui2d                  
00003533  __aeabi_uldivmod              
ffffffff  __binit__                     
ffffffff  __c_args__                    
UNDEFED   __mpu_init                    
20000900  __stack                       
20000000  __start___llvm_prf_cnts       
20000000  __stop___llvm_prf_cnts        
00003add  _c_int00_noargs               
00003c6c  _ctypes_                      
UNDEFED   _system_post_cinit            
00003c65  _system_pre_init              
00003c69  abort                         
200011d4  address                       
200011c8  analog_b                      
200011ca  analog_g                      
200011cc  analog_r                      
0000261f  applyPhase                    
00003985  atoi                          
ffffffff  binit                         
20000000  buttons                       
00000cbd  calibrate                     
00001b15  clearCode                     
200011d5  code                          
00003bbb  copysign                      
00003bbb  copysignl                     
200008f6  count                         
0000186f  createCode                    
200008fe  currentPhase                  
000017e3  enableWTimer3                 
200008f8  errno                         
0000177d  findButton                    
00003825  frexp                         
00003825  frexpl                        
00000000  g_pfnVectors                  
00001e37  getFieldInteger               
00001df3  getFieldString                
00002b55  getcUart0                     
00001b7d  getsUart0                     
0000251b  home                          
00002e41  initAdc0Ss3                   
00001375  initHw                        
00001821  initIR                        
000025c7  initMotor                     
00002bb9  initRgb                       
00003c29  initSystemClockTo40Mhz        
00002a61  initUart0                     
00001be5  isAlpha                       
00001e7b  isCommand                     
00001c49  isDelimiter                   
00001c17  isDigit                       
00001b01  isValid                       
00002b69  kbhitUart0                    
000031d9  ldexp                         
000031d9  ldexpl                        
00001f3d  log10                         
00001f3d  log10l                        
0000137d  main                          
00000e87  measure                       
00001051  measurepH                     
00003b9f  memccpy                       
00003497  memcpy                        
000036dd  memset                        
00001c6b  parseFields                   
200008fc  position                      
00002b15  putcUart0                     
00002b31  putsUart0                     
200011ce  pwm_b                         
200011d0  pwm_g                         
200011d2  pwm_r                         
00002f1b  readAdc0Ss3                   
000031d9  scalbn                        
000031d9  scalbnl                       
00002eaf  setAdc0Ss3Log2AverageCount    
00002ef3  setAdc0Ss3Mux                 
00002557  setPosition                   
00002c87  setRgbColor                   
00002ad5  setUart0BaudRate              
00003a5d  sprintf                       
000024a1  stepCCW                       
000024e1  stepCW                        
00003bed  strchr                        
00001eed  stringEqual                   
00001d89  stringToint32                 
00003c03  strlen                        
200008fd  temp                          
20001100  time                          
200008f0  tubePos                       
0000256b  turnto                        
200011d6  valid                         
00003b3f  waitMicrosecond               
00003c17  wcslen                        
00001a0d  wideTimer3Isr                 


GLOBAL SYMBOLS: SORTED BY Symbol Address 

address   name                          
-------   ----                          
00000000  __TI_static_base__            
00000000  g_pfnVectors                  
0000026d  __TI_printfi                  
00000800  __STACK_SIZE                  
00000cbb  __aeabi_idiv0                 
00000cbb  __aeabi_ldiv0                 
00000cbd  calibrate                     
00000e87  measure                       
00001051  measurepH                     
00001375  initHw                        
0000137d  main                          
0000177d  findButton                    
000017e3  enableWTimer3                 
00001821  initIR                        
0000186f  createCode                    
00001a0d  wideTimer3Isr                 
00001b01  isValid                       
00001b15  clearCode                     
00001b7d  getsUart0                     
00001be5  isAlpha                       
00001c17  isDigit                       
00001c49  isDelimiter                   
00001c6b  parseFields                   
00001d89  stringToint32                 
00001df3  getFieldString                
00001e37  getFieldInteger               
00001e7b  isCommand                     
00001eed  stringEqual                   
00001f3d  log10                         
00001f3d  log10l                        
000024a1  stepCCW                       
000024e1  stepCW                        
0000251b  home                          
00002557  setPosition                   
0000256b  turnto                        
000025c7  initMotor                     
0000261f  applyPhase                    
000028a9  __aeabi_dsub                  
000028b3  __aeabi_dadd                  
00002a61  initUart0                     
00002ad5  setUart0BaudRate              
00002b15  putcUart0                     
00002b31  putsUart0                     
00002b55  getcUart0                     
00002b69  kbhitUart0                    
00002bb9  initRgb                       
00002c87  setRgbColor                   
00002e41  initAdc0Ss3                   
00002eaf  setAdc0Ss3Log2AverageCount    
00002ef3  setAdc0Ss3Mux                 
00002f1b  readAdc0Ss3                   
00002f7d  __aeabi_ddiv                  
000031d9  ldexp                         
000031d9  ldexpl                        
000031d9  scalbn                        
000031d9  scalbnl                       
000032e9  __aeabi_dmul                  
00003497  __aeabi_memcpy                
00003497  __aeabi_memcpy4               
00003497  __aeabi_memcpy8               
00003497  memcpy                        
00003533  __aeabi_uldivmod              
000035c9  __aeabi_cdcmpeq               
000035c9  __aeabi_cdcmple               
0000364f  __aeabi_cdrcmple              
000036d5  __aeabi_memclr                
000036d5  __aeabi_memclr4               
000036d5  __aeabi_memclr8               
000036d7  __aeabi_memset                
000036d7  __aeabi_memset4               
000036d7  __aeabi_memset8               
000036dd  memset                        
000037bd  __TI_decompress_lzss          
00003825  frexp                         
00003825  frexpl                        
000038df  __TI_ltoa                     
00003985  atoi                          
000039d1  __aeabi_d2iz                  
00003a19  __TI_auto_init_nobinit_nopinit
00003a5d  sprintf                       
00003add  _c_int00_noargs               
00003b11  __aeabi_i2d                   
00003b3f  waitMicrosecond               
00003b63  __aeabi_ui2d                  
00003b83  __TI_zero_init_nomemset       
00003b9f  memccpy                       
00003bbb  copysign                      
00003bbb  copysignl                     
00003bed  strchr                        
00003c03  strlen                        
00003c17  wcslen                        
00003c29  initSystemClockTo40Mhz        
00003c39  __TI_decompress_none          
00003c47  ResetISR                      
00003c5d  __aeabi_errno_addr            
00003c65  _system_pre_init              
00003c69  C$$EXIT                       
00003c69  abort                         
00003c6c  _ctypes_                      
00003ecc  __TI_Handler_Table_Base       
00003ed8  __TI_Handler_Table_Limit      
00003ee0  __TI_CINIT_Base               
00003ef0  __TI_CINIT_Limit              
20000000  __start___llvm_prf_cnts       
20000000  __stop___llvm_prf_cnts        
20000000  buttons                       
200008f0  tubePos                       
200008f6  count                         
200008f8  errno                         
200008fc  position                      
200008fd  temp                          
200008fe  currentPhase                  
20000900  __stack                       
20000b00  __STACK_TOP                   
20001100  __STACK_END                   
20001100  time                          
200011c8  analog_b                      
200011ca  analog_g                      
200011cc  analog_r                      
200011ce  pwm_b                         
200011d0  pwm_g                         
200011d2  pwm_r                         
200011d4  address                       
200011d5  code                          
200011d6  valid                         
ffffffff  __TI_pprof_out_hndl           
ffffffff  __TI_prof_data_size           
ffffffff  __TI_prof_data_start          
ffffffff  __binit__                     
ffffffff  __c_args__                    
ffffffff  binit                         
UNDEFED   __mpu_init                    
UNDEFED   _system_post_cinit            

[133 symbols]
