******************************************************************************
                  TI ARM Linker PC v20.2.5                     
******************************************************************************
>> Linked Mon May  2 19:42:17 2022

OUTPUT FILE NAME:   <Project.out>
ENTRY POINT SYMBOL: "_c_int00_noargs"  address: 000038e9


MEMORY CONFIGURATION

         name            origin    length      used     unused   attr    fill
----------------------  --------  ---------  --------  --------  ----  --------
  FLASH                 00000000   00040000  00003cf9  0003c307  R  X
  SRAM                  20000000   00008000  00000bd6  0000742a  RW X


SEGMENT ALLOCATION MAP

run origin  load origin   length   init length attrs members
----------  ----------- ---------- ----------- ----- -------
00000000    00000000    00003d00   00003d00    r-x
  00000000    00000000    0000026c   0000026c    r-- .intvecs
  0000026c    0000026c    0000380c   0000380c    r-x .text
  00003a78    00003a78    00000101   00000101    r-- .const
  00003b80    00003b80    00000180   00000180    r-- .cinit
20000000    20000000    00000bd7   00000000    rw-
  20000000    20000000    000008ff   00000000    rw- .data
  20000900    20000900    00000200   00000000    rw- .stack
  20000b00    20000b00    000000d7   00000000    rw- .bss


SECTION ALLOCATION MAP

 output                                  attributes/
section   page    origin      length       input sections
--------  ----  ----------  ----------   ----------------
.intvecs   0    00000000    0000026c     
                  00000000    0000026c     tm4c123gh6pm_startup_ccs.obj (.intvecs)

.text      0    0000026c    0000380c     
                  0000026c    00000a4e     rtsv7M4_T_le_v4SPD16_eabi.lib : _printfi.c.obj (.text:__TI_printfi)
                  00000cba    00000002                                   : div0.asm.obj (.text)
                  00000cbc    00000844     main.obj (.text)
                  00001500    000003ec     IR_Receiver.obj (.text)
                  000018ec    000003be     serial.obj (.text)
                  00001caa    00000002     --HOLE-- [fill = 0]
                  00001cac    000002f4     rtsv7M4_T_le_v4SPD16_eabi.lib : e_log10.c.obj (.text:log10)
                  00001fa0    00000270                                   : _printfi.c.obj (.text:_pconv_a)
                  00002210    0000022c     motor.obj (.text)
                  0000243c    000001d0     rtsv7M4_T_le_v4SPD16_eabi.lib : _printfi.c.obj (.text:_pconv_g)
                  0000260c    000001b6                                   : fd_add_t2.asm.obj (.text)
                  000027c2    00000002     --HOLE-- [fill = 0]
                  000027c4    00000158     uart0.obj (.text)
                  0000291c    0000014c     rgb_led.obj (.text)
                  00002a68    0000013c     rtsv7M4_T_le_v4SPD16_eabi.lib : _printfi.c.obj (.text:_pconv_e)
                  00002ba4    0000013c     adc0.obj (.text)
                  00002ce0    00000136     rtsv7M4_T_le_v4SPD16_eabi.lib : fd_div_t2.asm.obj (.text)
                  00002e16    00000002     --HOLE-- [fill = 0]
                  00002e18    00000124                                   : _printfi.c.obj (.text:fcvt)
                  00002f3c    00000110                                   : s_scalbn.c.obj (.text:scalbn)
                  0000304c    000000fc                                   : fd_mul_t2.asm.obj (.text)
                  00003148    000000b1                                   : _printfi.c.obj (.text:_ltostr)
                  000031f9    00000001     --HOLE-- [fill = 0]
                  000031fa    0000009c                                   : memcpy_t2.asm.obj (.text)
                  00003296    00000096                                   : ull_div_t2.asm.obj (.text)
                  0000332c    00000086                                   : fd_cmp_t2.asm.obj (.text:__aeabi_cdcmple)
                  000033b2    00000086                                   : fd_cmp_t2.asm.obj (.text:__aeabi_cdrcmple)
                  00003438    0000007a                                   : memset_t2.asm.obj (.text)
                  000034b2    0000006e                                   : _printfi.c.obj (.text:_mcpy)
                  00003520    0000006e                                   : fd_tos_t2.asm.obj (.text)
                  0000358e    00000068                                   : copy_decompress_lzss.c.obj (.text:decompress:lzss:__TI_decompress_lzss)
                  000035f6    00000002     --HOLE-- [fill = 0]
                  000035f8    00000064                                   : s_frexp.c.obj (.text:frexp)
                  0000365c    00000056                                   : _printfi.c.obj (.text:_pconv_f)
                  000036b2    00000054                                   : _ltoa.c.obj (.text:__TI_ltoa)
                  00003706    00000052                                   : _printfi.c.obj (.text:_ecpy)
                  00003758    0000004c                                   : atoi.c.obj (.text:atoi)
                  000037a4    00000048                                   : fd_toi_t2.asm.obj (.text)
                  000037ec    00000044                                   : autoinit.c.obj (.text:__TI_auto_init_nobinit_nopinit:__TI_auto_init_nobinit_nopinit)
                  00003830    00000040                                   : sprintf.c.obj (.text:sprintf)
                  00003870    0000003e                                   : _printfi.c.obj (.text:_fcpy)
                  000038ae    00000038                                   : fs_tod_t2.asm.obj (.text)
                  000038e6    00000002     --HOLE-- [fill = 0]
                  000038e8    00000034                                   : boot_cortex_m.c.obj (.text:_c_int00_noargs:_c_int00_noargs)
                  0000391c    0000002e                                   : i_tofd_t2.asm.obj (.text)
                  0000394a    00000024     wait.obj (.text)
                  0000396e    00000020     rtsv7M4_T_le_v4SPD16_eabi.lib : u_tofd_t2.asm.obj (.text)
                  0000398e    0000001c                                   : copy_zero_init.c.obj (.text:decompress:ZI:__TI_zero_init_nomemset:__TI_zero_init_nomemset)
                  000039aa    0000001c                                   : memccpy.c.obj (.text:memccpy)
                  000039c6    0000001a                                   : s_copysign.c.obj (.text:copysign)
                  000039e0    00000018                                   : sprintf.c.obj (.text:_outs)
                  000039f8    00000016                                   : strchr.c.obj (.text:strchr)
                  00003a0e    00000014                                   : strlen.c.obj (.text:strlen)
                  00003a22    00000012                                   : wcslen.c.obj (.text:wcslen)
                  00003a34    00000010     clock.obj (.text)
                  00003a44    0000000e     rtsv7M4_T_le_v4SPD16_eabi.lib : copy_decompress_none.c.obj (.text:decompress:none:__TI_decompress_none)
                  00003a52    0000000c     tm4c123gh6pm_startup_ccs.obj (.text)
                  00003a5e    0000000a     rtsv7M4_T_le_v4SPD16_eabi.lib : sprintf.c.obj (.text:_outc)
                  00003a68    00000008                                   : errno.c.obj (.text:__aeabi_errno_addr)
                  00003a70    00000004                                   : pre_init.c.obj (.text:_system_pre_init)
                  00003a74    00000004                                   : exit.c.obj (.text:abort:abort)

.const     0    00003a78    00000101     
                  00003a78    00000101     rtsv7M4_T_le_v4SPD16_eabi.lib : ctype.c.obj (.const:.string:_ctypes_)

.cinit     0    00003b80    00000180     
                  00003b80    0000015c     (.cinit..data.load) [load image, compression = lzss]
                  00003cdc    0000000c     (__TI_handler_table)
                  00003ce8    00000008     (.cinit..bss.load) [load image, compression = zero_init]
                  00003cf0    00000010     (__TI_cinit_table)

.init_array 
*          0    00000000    00000000     UNINITIALIZED

.data      0    20000000    000008ff     UNINITIALIZED
                  20000000    000008f0     IR_Receiver.obj (.data:buttons)
                  200008f0    00000006     motor.obj (.data:tubePos)
                  200008f6    00000001     IR_Receiver.obj (.data)
                  200008f7    00000001     --HOLE--
                  200008f8    00000004     rtsv7M4_T_le_v4SPD16_eabi.lib : errno.c.obj (.data)
                  200008fc    00000003     motor.obj (.data)

.bss       0    20000b00    000000d7     UNINITIALIZED
                  20000b00    000000c8     (.common:time)
                  20000bc8    00000002     (.common:analog_b)
                  20000bca    00000002     (.common:analog_g)
                  20000bcc    00000002     (.common:analog_r)
                  20000bce    00000002     (.common:pwm_b)
                  20000bd0    00000002     (.common:pwm_g)
                  20000bd2    00000002     (.common:pwm_r)
                  20000bd4    00000001     (.common:address)
                  20000bd5    00000001     (.common:code)
                  20000bd6    00000001     (.common:valid)

.stack     0    20000900    00000200     UNINITIALIZED
                  20000900    00000004     rtsv7M4_T_le_v4SPD16_eabi.lib : boot_cortex_m.c.obj (.stack)
                  20000904    000001fc     --HOLE--

__llvm_prf_cnts 
*          0    20000000    00000000     UNINITIALIZED

MODULE SUMMARY

       Module                         code    ro data   rw data
       ------                         ----    -------   -------
    .\
       IR_Receiver.obj                1004    0         2492   
       main.obj                       2116    0         12     
       serial.obj                     958     0         0      
       tm4c123gh6pm_startup_ccs.obj   12      620       0      
       motor.obj                      556     0         9      
       uart0.obj                      344     0         0      
       rgb_led.obj                    332     0         0      
       adc0.obj                       316     0         0      
       wait.obj                       36      0         0      
       clock.obj                      16      0         0      
    +--+------------------------------+-------+---------+---------+
       Total:                         5690    620       2513   
                                                               
    C:\ti\ccs1110\ccs\tools\compiler\ti-cgt-arm_20.2.5.LTS\lib\rtsv7M4_T_le_v4SPD16_eabi.lib
       _printfi.c.obj                 4851    0         0      
       e_log10.c.obj                  756     0         0      
       fd_add_t2.asm.obj              438     0         0      
       fd_div_t2.asm.obj              310     0         0      
       s_scalbn.c.obj                 272     0         0      
       fd_cmp_t2.asm.obj              268     0         0      
       ctype.c.obj                    0       257       0      
       fd_mul_t2.asm.obj              252     0         0      
       memcpy_t2.asm.obj              156     0         0      
       ull_div_t2.asm.obj             150     0         0      
       memset_t2.asm.obj              122     0         0      
       fd_tos_t2.asm.obj              110     0         0      
       copy_decompress_lzss.c.obj     104     0         0      
       s_frexp.c.obj                  100     0         0      
       sprintf.c.obj                  98      0         0      
       _ltoa.c.obj                    84      0         0      
       atoi.c.obj                     76      0         0      
       fd_toi_t2.asm.obj              72      0         0      
       autoinit.c.obj                 68      0         0      
       fs_tod_t2.asm.obj              56      0         0      
       boot_cortex_m.c.obj            52      0         0      
       i_tofd_t2.asm.obj              46      0         0      
       u_tofd_t2.asm.obj              32      0         0      
       copy_zero_init.c.obj           28      0         0      
       memccpy.c.obj                  28      0         0      
       s_copysign.c.obj               26      0         0      
       strchr.c.obj                   22      0         0      
       strlen.c.obj                   20      0         0      
       wcslen.c.obj                   18      0         0      
       copy_decompress_none.c.obj     14      0         0      
       errno.c.obj                    8       0         4      
       exit.c.obj                     4       0         0      
       pre_init.c.obj                 4       0         0      
       div0.asm.obj                   2       0         0      
    +--+------------------------------+-------+---------+---------+
       Total:                         8647    257       4      
                                                               
       Stack:                         0       0         512    
       Linker Generated:              0       384       0      
    +--+------------------------------+-------+---------+---------+
       Grand Total:                   14337   1261      3029   


LINKER GENERATED COPY TABLES

__TI_cinit_table @ 00003cf0 records: 2, size/record: 8, table size: 16
	.data: load addr=00003b80, load size=0000015c bytes, run addr=20000000, run size=000008ff bytes, compression=lzss
	.bss: load addr=00003ce8, load size=00000008 bytes, run addr=20000b00, run size=000000d7 bytes, compression=zero_init


LINKER GENERATED HANDLER TABLE

__TI_handler_table @ 00003cdc records: 3, size/record: 4, table size: 12
	index: 0, handler: __TI_decompress_lzss
	index: 1, handler: __TI_decompress_none
	index: 2, handler: __TI_zero_init


GLOBAL SYMBOLS: SORTED ALPHABETICALLY BY Name 

address   name                          
-------   ----                          
00003a75  C$$EXIT                       
00003a53  ResetISR                      
20000b00  __STACK_END                   
00000200  __STACK_SIZE                  
20000b00  __STACK_TOP                   
00003cf0  __TI_CINIT_Base               
00003d00  __TI_CINIT_Limit              
00003cdc  __TI_Handler_Table_Base       
00003ce8  __TI_Handler_Table_Limit      
000037ed  __TI_auto_init_nobinit_nopinit
0000358f  __TI_decompress_lzss          
00003a45  __TI_decompress_none          
000036b3  __TI_ltoa                     
ffffffff  __TI_pprof_out_hndl           
0000026d  __TI_printfi                  
ffffffff  __TI_prof_data_size           
ffffffff  __TI_prof_data_start          
00000000  __TI_static_base__            
0000398f  __TI_zero_init_nomemset       
0000332d  __aeabi_cdcmpeq               
0000332d  __aeabi_cdcmple               
000033b3  __aeabi_cdrcmple              
00003521  __aeabi_d2f                   
000037a5  __aeabi_d2iz                  
00002617  __aeabi_dadd                  
00002ce1  __aeabi_ddiv                  
0000304d  __aeabi_dmul                  
0000260d  __aeabi_dsub                  
00003a69  __aeabi_errno_addr            
000038af  __aeabi_f2d                   
0000391d  __aeabi_i2d                   
00000cbb  __aeabi_idiv0                 
00000cbb  __aeabi_ldiv0                 
00003439  __aeabi_memclr                
00003439  __aeabi_memclr4               
00003439  __aeabi_memclr8               
000031fb  __aeabi_memcpy                
000031fb  __aeabi_memcpy4               
000031fb  __aeabi_memcpy8               
0000343b  __aeabi_memset                
0000343b  __aeabi_memset4               
0000343b  __aeabi_memset8               
0000396f  __aeabi_ui2d                  
00003297  __aeabi_uldivmod              
ffffffff  __binit__                     
ffffffff  __c_args__                    
UNDEFED   __mpu_init                    
20000900  __stack                       
20000000  __start___llvm_prf_cnts       
20000000  __stop___llvm_prf_cnts        
000038e9  _c_int00_noargs               
00003a78  _ctypes_                      
UNDEFED   _system_post_cinit            
00003a71  _system_pre_init              
00003a75  abort                         
20000bd4  address                       
20000bc8  analog_b                      
20000bca  analog_g                      
20000bcc  analog_r                      
00002383  applyPhase                    
00003759  atoi                          
ffffffff  binit                         
20000000  buttons                       
00000cc5  calibrate                     
0000188b  clearCode                     
20000bd5  code                          
000039c7  copysign                      
000039c7  copysignl                     
200008f6  count                         
000015f3  createCode                    
200008fe  currentPhase                  
00001567  enableWTimer3                 
200008f8  errno                         
00001501  findButton                    
000035f9  frexp                         
000035f9  frexpl                        
00000000  g_pfnVectors                  
00001ba7  getFieldInteger               
00001b63  getFieldString                
000028b9  getcUart0                     
000018ed  getsUart0                     
00002287  home                          
00002ba5  initAdc0Ss3                   
00000cbd  initHw                        
000015a5  initIR                        
0000232b  initMotor                     
0000291d  initRgb                       
00003a35  initSystemClockTo40Mhz        
000027c5  initUart0                     
00001955  isAlpha                       
00001beb  isCommand                     
000019b9  isDelimiter                   
00001987  isDigit                       
00001885  isValid                       
000028cd  kbhitUart0                    
00002f3d  ldexp                         
00002f3d  ldexpl                        
00001cad  log10                         
00001cad  log10l                        
00001281  main                          
00000e8f  measure                       
0000100d  measurepH                     
000039ab  memccpy                       
000031fb  memcpy                        
00003441  memset                        
000019db  parseFields                   
200008fc  position                      
00002879  putcUart0                     
00002895  putsUart0                     
20000bce  pwm_b                         
20000bd0  pwm_g                         
20000bd2  pwm_r                         
00002c7f  readAdc0Ss3                   
00002f3d  scalbn                        
00002f3d  scalbnl                       
00002c13  setAdc0Ss3Log2AverageCount    
00002c57  setAdc0Ss3Mux                 
000022bb  setPosition                   
000029eb  setRgbColor                   
00002839  setUart0BaudRate              
00003831  sprintf                       
00002211  stepCCW                       
0000224d  stepCW                        
000039f9  strchr                        
00001c5d  stringEqual                   
00001af9  stringToint32                 
00003a0f  strlen                        
200008fd  temp                          
20000b00  time                          
200008f0  tubePos                       
000022cf  turnto                        
20000bd6  valid                         
0000394b  waitMicrosecond               
00003a23  wcslen                        
00001791  wideTimer3Isr                 


GLOBAL SYMBOLS: SORTED BY Symbol Address 

address   name                          
-------   ----                          
00000000  __TI_static_base__            
00000000  g_pfnVectors                  
00000200  __STACK_SIZE                  
0000026d  __TI_printfi                  
00000cbb  __aeabi_idiv0                 
00000cbb  __aeabi_ldiv0                 
00000cbd  initHw                        
00000cc5  calibrate                     
00000e8f  measure                       
0000100d  measurepH                     
00001281  main                          
00001501  findButton                    
00001567  enableWTimer3                 
000015a5  initIR                        
000015f3  createCode                    
00001791  wideTimer3Isr                 
00001885  isValid                       
0000188b  clearCode                     
000018ed  getsUart0                     
00001955  isAlpha                       
00001987  isDigit                       
000019b9  isDelimiter                   
000019db  parseFields                   
00001af9  stringToint32                 
00001b63  getFieldString                
00001ba7  getFieldInteger               
00001beb  isCommand                     
00001c5d  stringEqual                   
00001cad  log10                         
00001cad  log10l                        
00002211  stepCCW                       
0000224d  stepCW                        
00002287  home                          
000022bb  setPosition                   
000022cf  turnto                        
0000232b  initMotor                     
00002383  applyPhase                    
0000260d  __aeabi_dsub                  
00002617  __aeabi_dadd                  
000027c5  initUart0                     
00002839  setUart0BaudRate              
00002879  putcUart0                     
00002895  putsUart0                     
000028b9  getcUart0                     
000028cd  kbhitUart0                    
0000291d  initRgb                       
000029eb  setRgbColor                   
00002ba5  initAdc0Ss3                   
00002c13  setAdc0Ss3Log2AverageCount    
00002c57  setAdc0Ss3Mux                 
00002c7f  readAdc0Ss3                   
00002ce1  __aeabi_ddiv                  
00002f3d  ldexp                         
00002f3d  ldexpl                        
00002f3d  scalbn                        
00002f3d  scalbnl                       
0000304d  __aeabi_dmul                  
000031fb  __aeabi_memcpy                
000031fb  __aeabi_memcpy4               
000031fb  __aeabi_memcpy8               
000031fb  memcpy                        
00003297  __aeabi_uldivmod              
0000332d  __aeabi_cdcmpeq               
0000332d  __aeabi_cdcmple               
000033b3  __aeabi_cdrcmple              
00003439  __aeabi_memclr                
00003439  __aeabi_memclr4               
00003439  __aeabi_memclr8               
0000343b  __aeabi_memset                
0000343b  __aeabi_memset4               
0000343b  __aeabi_memset8               
00003441  memset                        
00003521  __aeabi_d2f                   
0000358f  __TI_decompress_lzss          
000035f9  frexp                         
000035f9  frexpl                        
000036b3  __TI_ltoa                     
00003759  atoi                          
000037a5  __aeabi_d2iz                  
000037ed  __TI_auto_init_nobinit_nopinit
00003831  sprintf                       
000038af  __aeabi_f2d                   
000038e9  _c_int00_noargs               
0000391d  __aeabi_i2d                   
0000394b  waitMicrosecond               
0000396f  __aeabi_ui2d                  
0000398f  __TI_zero_init_nomemset       
000039ab  memccpy                       
000039c7  copysign                      
000039c7  copysignl                     
000039f9  strchr                        
00003a0f  strlen                        
00003a23  wcslen                        
00003a35  initSystemClockTo40Mhz        
00003a45  __TI_decompress_none          
00003a53  ResetISR                      
00003a69  __aeabi_errno_addr            
00003a71  _system_pre_init              
00003a75  C$$EXIT                       
00003a75  abort                         
00003a78  _ctypes_                      
00003cdc  __TI_Handler_Table_Base       
00003ce8  __TI_Handler_Table_Limit      
00003cf0  __TI_CINIT_Base               
00003d00  __TI_CINIT_Limit              
20000000  __start___llvm_prf_cnts       
20000000  __stop___llvm_prf_cnts        
20000000  buttons                       
200008f0  tubePos                       
200008f6  count                         
200008f8  errno                         
200008fc  position                      
200008fd  temp                          
200008fe  currentPhase                  
20000900  __stack                       
20000b00  __STACK_END                   
20000b00  __STACK_TOP                   
20000b00  time                          
20000bc8  analog_b                      
20000bca  analog_g                      
20000bcc  analog_r                      
20000bce  pwm_b                         
20000bd0  pwm_g                         
20000bd2  pwm_r                         
20000bd4  address                       
20000bd5  code                          
20000bd6  valid                         
ffffffff  __TI_pprof_out_hndl           
ffffffff  __TI_prof_data_size           
ffffffff  __TI_prof_data_start          
ffffffff  __binit__                     
ffffffff  __c_args__                    
ffffffff  binit                         
UNDEFED   __mpu_init                    
UNDEFED   _system_post_cinit            

[135 symbols]
