******************************************************************************
                  TI ARM Linker PC v18.12.4                    
******************************************************************************
>> Linked Tue May  3 10:14:28 2022

OUTPUT FILE NAME:   <teest.out>
ENTRY POINT SYMBOL: "_c_int00_noargs"  address: 00003b19


MEMORY CONFIGURATION

         name            origin    length      used     unused   attr    fill
----------------------  --------  ---------  --------  --------  ----  --------
  FLASH                 00000000   00040000  00003f29  0003c0d7  R  X
  SRAM                  20000000   00008000  000011d6  00006e2a  RW X


SEGMENT ALLOCATION MAP

run origin  load origin   length   init length attrs members
----------  ----------- ---------- ----------- ----- -------
00000000    00000000    00003f30   00003f30    r-x
  00000000    00000000    0000026c   0000026c    r-- .intvecs
  0000026c    0000026c    00003a3c   00003a3c    r-x .text
  00003ca8    00003ca8    00000101   00000101    r-- .const
  00003db0    00003db0    00000180   00000180    r-- .cinit
20000000    20000000    000011d7   00000000    rw-
  20000000    20000000    000008ff   00000000    rw- .data
  20000900    20000900    00000800   00000000    rw- .stack
  20001100    20001100    000000d7   00000000    rw- .bss


SECTION ALLOCATION MAP

 output                                  attributes/
section   page    origin      length       input sections
--------  ----  ----------  ----------   ----------------
.intvecs   0    00000000    0000026c     
                  00000000    0000026c     tm4c123gh6pm_startup_ccs.obj (.intvecs)

.text      0    0000026c    00003a3c     
                  0000026c    00000b1c     main.obj (.text)
                  00000d88    00000a4e     rtsv7M4_T_le_v4SPD16_eabi.lib : _printfi.c.obj (.text:__TI_printfi)
                  000017d6    00000002                                   : div0.asm.obj (.text)
                  000017d8    000003ec     IR_Receiver.obj (.text)
                  00001bc4    000003be     serial.obj (.text)
                  00001f82    00000002     --HOLE-- [fill = 0]
                  00001f84    000002f4     rtsv7M4_T_le_v4SPD16_eabi.lib : e_log10.c.obj (.text:log10)
                  00002278    00000270                                   : _printfi.c.obj (.text:_pconv_a)
                  000024e8    0000022c     motor.obj (.text)
                  00002714    000001d0     rtsv7M4_T_le_v4SPD16_eabi.lib : _printfi.c.obj (.text:_pconv_g)
                  000028e4    000001b6                                   : fd_add_t2.asm.obj (.text)
                  00002a9a    00000002     --HOLE-- [fill = 0]
                  00002a9c    00000158     uart0.obj (.text)
                  00002bf4    0000014c     rgb_led.obj (.text)
                  00002d40    0000013c     rtsv7M4_T_le_v4SPD16_eabi.lib : _printfi.c.obj (.text:_pconv_e)
                  00002e7c    0000013c     adc0.obj (.text)
                  00002fb8    00000136     rtsv7M4_T_le_v4SPD16_eabi.lib : fd_div_t2.asm.obj (.text)
                  000030ee    00000002     --HOLE-- [fill = 0]
                  000030f0    00000124                                   : _printfi.c.obj (.text:fcvt)
                  00003214    00000110                                   : s_scalbn.c.obj (.text:scalbn)
                  00003324    000000fc                                   : fd_mul_t2.asm.obj (.text)
                  00003420    000000b1                                   : _printfi.c.obj (.text:_ltostr)
                  000034d1    00000001     --HOLE-- [fill = 0]
                  000034d2    0000009c                                   : memcpy_t2.asm.obj (.text)
                  0000356e    00000096                                   : ull_div_t2.asm.obj (.text)
                  00003604    00000086                                   : fd_cmp_t2.asm.obj (.text:__aeabi_cdcmple)
                  0000368a    00000086                                   : fd_cmp_t2.asm.obj (.text:__aeabi_cdrcmple)
                  00003710    0000007a                                   : memset_t2.asm.obj (.text)
                  0000378a    0000006e                                   : _printfi.c.obj (.text:_mcpy)
                  000037f8    00000068                                   : copy_decompress_lzss.c.obj (.text:decompress:lzss:__TI_decompress_lzss)
                  00003860    00000064                                   : s_frexp.c.obj (.text:frexp)
                  000038c4    00000056                                   : _printfi.c.obj (.text:_pconv_f)
                  0000391a    00000054                                   : ltoa.c.obj (.text:ltoa)
                  0000396e    00000052                                   : _printfi.c.obj (.text:_ecpy)
                  000039c0    0000004c                                   : atoi.c.obj (.text:atoi)
                  00003a0c    00000048                                   : fd_toi_t2.asm.obj (.text)
                  00003a54    00000044                                   : autoinit.c.obj (.text:__TI_auto_init_nobinit_nopinit:__TI_auto_init_nobinit_nopinit)
                  00003a98    00000040                                   : sprintf.c.obj (.text:sprintf)
                  00003ad8    0000003e                                   : _printfi.c.obj (.text:_fcpy)
                  00003b16    00000002     --HOLE-- [fill = 0]
                  00003b18    00000034                                   : boot_cortex_m.c.obj (.text:_c_int00_noargs:_c_int00_noargs)
                  00003b4c    0000002e                                   : i_tofd_t2.asm.obj (.text)
                  00003b7a    00000024     wait.obj (.text)
                  00003b9e    00000020     rtsv7M4_T_le_v4SPD16_eabi.lib : u_tofd_t2.asm.obj (.text)
                  00003bbe    0000001c                                   : copy_zero_init.c.obj (.text:decompress:ZI:__TI_zero_init_nomemset:__TI_zero_init_nomemset)
                  00003bda    0000001c                                   : memccpy.c.obj (.text:memccpy)
                  00003bf6    0000001a                                   : s_copysign.c.obj (.text:copysign)
                  00003c10    00000018                                   : sprintf.c.obj (.text:_outs)
                  00003c28    00000016                                   : strchr.c.obj (.text:strchr)
                  00003c3e    00000014                                   : strlen.c.obj (.text:strlen)
                  00003c52    00000012                                   : wcslen.c.obj (.text:wcslen)
                  00003c64    00000010     clock.obj (.text)
                  00003c74    0000000e     rtsv7M4_T_le_v4SPD16_eabi.lib : copy_decompress_none.c.obj (.text:decompress:none:__TI_decompress_none)
                  00003c82    0000000c     tm4c123gh6pm_startup_ccs.obj (.text)
                  00003c8e    0000000a     rtsv7M4_T_le_v4SPD16_eabi.lib : sprintf.c.obj (.text:_outc)
                  00003c98    00000008                                   : errno.c.obj (.text:__aeabi_errno_addr)
                  00003ca0    00000004                                   : pre_init.c.obj (.text:_system_pre_init)
                  00003ca4    00000004                                   : exit.c.obj (.text:abort:abort)

.const     0    00003ca8    00000101     
                  00003ca8    00000101     rtsv7M4_T_le_v4SPD16_eabi.lib : ctype.c.obj (.const:.string:_ctypes_)

.cinit     0    00003db0    00000180     
                  00003db0    0000015c     (.cinit..data.load) [load image, compression = lzss]
                  00003f0c    0000000c     (__TI_handler_table)
                  00003f18    00000008     (.cinit..bss.load) [load image, compression = zero_init]
                  00003f20    00000010     (__TI_cinit_table)

.init_array 
*          0    00000000    00000000     UNINITIALIZED

.data      0    20000000    000008ff     UNINITIALIZED
                  20000000    000008f0     IR_Receiver.obj (.data:buttons)
                  200008f0    00000006     motor.obj (.data:tubePos)
                  200008f6    00000001     IR_Receiver.obj (.data)
                  200008f7    00000001     --HOLE--
                  200008f8    00000004     rtsv7M4_T_le_v4SPD16_eabi.lib : errno.c.obj (.data)
                  200008fc    00000003     motor.obj (.data)

.bss       0    20001100    000000d7     UNINITIALIZED
                  20001100    000000c8     (.common:time)
                  200011c8    00000002     (.common:analog_b)
                  200011ca    00000002     (.common:analog_g)
                  200011cc    00000002     (.common:analog_r)
                  200011ce    00000002     (.common:pwm_b)
                  200011d0    00000002     (.common:pwm_g)
                  200011d2    00000002     (.common:pwm_r)
                  200011d4    00000001     (.common:address)
                  200011d5    00000001     (.common:code)
                  200011d6    00000001     (.common:valid)

.stack     0    20000900    00000800     UNINITIALIZED
                  20000900    00000004     rtsv7M4_T_le_v4SPD16_eabi.lib : boot_cortex_m.c.obj (.stack)
                  20000904    000007fc     --HOLE--

MODULE SUMMARY

       Module                         code    ro data   rw data
       ------                         ----    -------   -------
    .\
       IR_Receiver.obj                1004    0         2492   
       main.obj                       2844    0         12     
       serial.obj                     958     0         0      
       tm4c123gh6pm_startup_ccs.obj   12      620       0      
       motor.obj                      556     0         9      
       uart0.obj                      344     0         0      
       rgb_led.obj                    332     0         0      
       adc0.obj                       316     0         0      
       wait.obj                       36      0         0      
       clock.obj                      16      0         0      
    +--+------------------------------+-------+---------+---------+
       Total:                         6418    620       2513   
                                                               
    C:\ti\ccs930\ccs\tools\compiler\ti-cgt-arm_18.12.4.LTS\lib\rtsv7M4_T_le_v4SPD16_eabi.lib
       _printfi.c.obj                 4851    0         0      
       e_log10.c.obj                  756     0         0      
       fd_add_t2.asm.obj              438     0         0      
       fd_div_t2.asm.obj              310     0         0      
       s_scalbn.c.obj                 272     0         0      
       fd_cmp_t2.asm.obj              268     0         0      
       ctype.c.obj                    0       257       0      
       fd_mul_t2.asm.obj              252     0         0      
       memcpy_t2.asm.obj              156     0         0      
       ull_div_t2.asm.obj             150     0         0      
       memset_t2.asm.obj              122     0         0      
       copy_decompress_lzss.c.obj     104     0         0      
       s_frexp.c.obj                  100     0         0      
       sprintf.c.obj                  98      0         0      
       ltoa.c.obj                     84      0         0      
       atoi.c.obj                     76      0         0      
       fd_toi_t2.asm.obj              72      0         0      
       autoinit.c.obj                 68      0         0      
       boot_cortex_m.c.obj            52      0         0      
       i_tofd_t2.asm.obj              46      0         0      
       u_tofd_t2.asm.obj              32      0         0      
       copy_zero_init.c.obj           28      0         0      
       memccpy.c.obj                  28      0         0      
       s_copysign.c.obj               26      0         0      
       strchr.c.obj                   22      0         0      
       strlen.c.obj                   20      0         0      
       wcslen.c.obj                   18      0         0      
       copy_decompress_none.c.obj     14      0         0      
       errno.c.obj                    8       0         4      
       exit.c.obj                     4       0         0      
       pre_init.c.obj                 4       0         0      
       div0.asm.obj                   2       0         0      
    +--+------------------------------+-------+---------+---------+
       Total:                         8481    257       4      
                                                               
       Stack:                         0       0         2048   
       Linker Generated:              0       384       0      
    +--+------------------------------+-------+---------+---------+
       Grand Total:                   14899   1261      4565   


LINKER GENERATED COPY TABLES

__TI_cinit_table @ 00003f20 records: 2, size/record: 8, table size: 16
	.data: load addr=00003db0, load size=0000015c bytes, run addr=20000000, run size=000008ff bytes, compression=lzss
	.bss: load addr=00003f18, load size=00000008 bytes, run addr=20001100, run size=000000d7 bytes, compression=zero_init


LINKER GENERATED HANDLER TABLE

__TI_handler_table @ 00003f0c records: 3, size/record: 4, table size: 12
	index: 0, handler: __TI_decompress_lzss
	index: 1, handler: __TI_decompress_none
	index: 2, handler: __TI_zero_init


GLOBAL SYMBOLS: SORTED ALPHABETICALLY BY Name 

address   name                          
-------   ----                          
00003ca5  C$$EXIT                       
00003c83  ResetISR                      
20001100  __STACK_END                   
00000800  __STACK_SIZE                  
20000b00  __STACK_TOP                   
00003f20  __TI_CINIT_Base               
00003f30  __TI_CINIT_Limit              
00003f0c  __TI_Handler_Table_Base       
00003f18  __TI_Handler_Table_Limit      
00003a55  __TI_auto_init_nobinit_nopinit
000037f9  __TI_decompress_lzss          
00003c75  __TI_decompress_none          
ffffffff  __TI_pprof_out_hndl           
00000d89  __TI_printfi                  
ffffffff  __TI_prof_data_size           
ffffffff  __TI_prof_data_start          
00000000  __TI_static_base__            
00003bbf  __TI_zero_init_nomemset       
00003605  __aeabi_cdcmpeq               
00003605  __aeabi_cdcmple               
0000368b  __aeabi_cdrcmple              
00003a0d  __aeabi_d2iz                  
000028ef  __aeabi_dadd                  
00002fb9  __aeabi_ddiv                  
00003325  __aeabi_dmul                  
000028e5  __aeabi_dsub                  
00003c99  __aeabi_errno_addr            
00003b4d  __aeabi_i2d                   
000017d7  __aeabi_idiv0                 
000017d7  __aeabi_ldiv0                 
00003711  __aeabi_memclr                
00003711  __aeabi_memclr4               
00003711  __aeabi_memclr8               
000034d3  __aeabi_memcpy                
000034d3  __aeabi_memcpy4               
000034d3  __aeabi_memcpy8               
00003713  __aeabi_memset                
00003713  __aeabi_memset4               
00003713  __aeabi_memset8               
00003b9f  __aeabi_ui2d                  
0000356f  __aeabi_uldivmod              
ffffffff  __binit__                     
ffffffff  __c_args__                    
UNDEFED   __mpu_init                    
20000900  __stack                       
00003b19  _c_int00_noargs               
00003ca8  _ctypes_                      
UNDEFED   _system_post_cinit            
00003ca1  _system_pre_init              
00003ca5  abort                         
200011d4  address                       
200011c8  analog_b                      
200011ca  analog_g                      
200011cc  analog_r                      
0000265b  applyPhase                    
000039c1  atoi                          
ffffffff  binit                         
20000000  buttons                       
00000275  calibrate                     
00001b63  clearCode                     
200011d5  code                          
00003bf7  copysign                      
00003bf7  copysignl                     
200008f6  count                         
000018cb  createCode                    
200008fe  currentPhase                  
0000183f  enableWTimer3                 
200008f8  errno                         
000017d9  findButton                    
00003861  frexp                         
00003861  frexpl                        
00000000  g_pfnVectors                  
00001e7f  getFieldInteger               
00001e3b  getFieldString                
00002b91  getcUart0                     
00001bc5  getsUart0                     
0000255f  home                          
00002e7d  initAdc0Ss3                   
0000026d  initHw                        
0000187d  initIR                        
00002603  initMotor                     
00002bf5  initRgb                       
00003c65  initSystemClockTo40Mhz        
00002a9d  initUart0                     
00001c2d  isAlpha                       
00001ec3  isCommand                     
00001c91  isDelimiter                   
00001c5f  isDigit                       
00001b5d  isValid                       
00002ba5  kbhitUart0                    
00003215  ldexp                         
00003215  ldexpl                        
00001f85  log10                         
00001f85  log10l                        
0000391b  ltoa                          
000008fd  main                          
0000043f  measure                       
000005bb  measurepH                     
00003bdb  memccpy                       
000034d3  memcpy                        
00003719  memset                        
00001cb3  parseFields                   
200008fc  position                      
00002b51  putcUart0                     
00002b6d  putsUart0                     
200011ce  pwm_b                         
200011d0  pwm_g                         
200011d2  pwm_r                         
00002f57  readAdc0Ss3                   
00003215  scalbn                        
00003215  scalbnl                       
00002eeb  setAdc0Ss3Log2AverageCount    
00002f2f  setAdc0Ss3Mux                 
00002593  setPosition                   
00002cc3  setRgbColor                   
00002b11  setUart0BaudRate              
00003a99  sprintf                       
000024e9  stepCCW                       
00002525  stepCW                        
00003c29  strchr                        
00001f35  stringEqual                   
00001dd1  stringToint32                 
00003c3f  strlen                        
200008fd  temp                          
20001100  time                          
200008f0  tubePos                       
000025a7  turnto                        
200011d6  valid                         
00003b7b  waitMicrosecond               
00003c53  wcslen                        
00001a69  wideTimer3Isr                 


GLOBAL SYMBOLS: SORTED BY Symbol Address 

address   name                          
-------   ----                          
00000000  __TI_static_base__            
00000000  g_pfnVectors                  
0000026d  initHw                        
00000275  calibrate                     
0000043f  measure                       
000005bb  measurepH                     
00000800  __STACK_SIZE                  
000008fd  main                          
00000d89  __TI_printfi                  
000017d7  __aeabi_idiv0                 
000017d7  __aeabi_ldiv0                 
000017d9  findButton                    
0000183f  enableWTimer3                 
0000187d  initIR                        
000018cb  createCode                    
00001a69  wideTimer3Isr                 
00001b5d  isValid                       
00001b63  clearCode                     
00001bc5  getsUart0                     
00001c2d  isAlpha                       
00001c5f  isDigit                       
00001c91  isDelimiter                   
00001cb3  parseFields                   
00001dd1  stringToint32                 
00001e3b  getFieldString                
00001e7f  getFieldInteger               
00001ec3  isCommand                     
00001f35  stringEqual                   
00001f85  log10                         
00001f85  log10l                        
000024e9  stepCCW                       
00002525  stepCW                        
0000255f  home                          
00002593  setPosition                   
000025a7  turnto                        
00002603  initMotor                     
0000265b  applyPhase                    
000028e5  __aeabi_dsub                  
000028ef  __aeabi_dadd                  
00002a9d  initUart0                     
00002b11  setUart0BaudRate              
00002b51  putcUart0                     
00002b6d  putsUart0                     
00002b91  getcUart0                     
00002ba5  kbhitUart0                    
00002bf5  initRgb                       
00002cc3  setRgbColor                   
00002e7d  initAdc0Ss3                   
00002eeb  setAdc0Ss3Log2AverageCount    
00002f2f  setAdc0Ss3Mux                 
00002f57  readAdc0Ss3                   
00002fb9  __aeabi_ddiv                  
00003215  ldexp                         
00003215  ldexpl                        
00003215  scalbn                        
00003215  scalbnl                       
00003325  __aeabi_dmul                  
000034d3  __aeabi_memcpy                
000034d3  __aeabi_memcpy4               
000034d3  __aeabi_memcpy8               
000034d3  memcpy                        
0000356f  __aeabi_uldivmod              
00003605  __aeabi_cdcmpeq               
00003605  __aeabi_cdcmple               
0000368b  __aeabi_cdrcmple              
00003711  __aeabi_memclr                
00003711  __aeabi_memclr4               
00003711  __aeabi_memclr8               
00003713  __aeabi_memset                
00003713  __aeabi_memset4               
00003713  __aeabi_memset8               
00003719  memset                        
000037f9  __TI_decompress_lzss          
00003861  frexp                         
00003861  frexpl                        
0000391b  ltoa                          
000039c1  atoi                          
00003a0d  __aeabi_d2iz                  
00003a55  __TI_auto_init_nobinit_nopinit
00003a99  sprintf                       
00003b19  _c_int00_noargs               
00003b4d  __aeabi_i2d                   
00003b7b  waitMicrosecond               
00003b9f  __aeabi_ui2d                  
00003bbf  __TI_zero_init_nomemset       
00003bdb  memccpy                       
00003bf7  copysign                      
00003bf7  copysignl                     
00003c29  strchr                        
00003c3f  strlen                        
00003c53  wcslen                        
00003c65  initSystemClockTo40Mhz        
00003c75  __TI_decompress_none          
00003c83  ResetISR                      
00003c99  __aeabi_errno_addr            
00003ca1  _system_pre_init              
00003ca5  C$$EXIT                       
00003ca5  abort                         
00003ca8  _ctypes_                      
00003f0c  __TI_Handler_Table_Base       
00003f18  __TI_Handler_Table_Limit      
00003f20  __TI_CINIT_Base               
00003f30  __TI_CINIT_Limit              
20000000  buttons                       
200008f0  tubePos                       
200008f6  count                         
200008f8  errno                         
200008fc  position                      
200008fd  temp                          
200008fe  currentPhase                  
20000900  __stack                       
20000b00  __STACK_TOP                   
20001100  __STACK_END                   
20001100  time                          
200011c8  analog_b                      
200011ca  analog_g                      
200011cc  analog_r                      
200011ce  pwm_b                         
200011d0  pwm_g                         
200011d2  pwm_r                         
200011d4  address                       
200011d5  code                          
200011d6  valid                         
ffffffff  __TI_pprof_out_hndl           
ffffffff  __TI_prof_data_size           
ffffffff  __TI_prof_data_start          
ffffffff  __binit__                     
ffffffff  __c_args__                    
ffffffff  binit                         
UNDEFED   __mpu_init                    
UNDEFED   _system_post_cinit            

[131 symbols]
