******************************************************************************
                  TI ARM Linker PC v18.12.4                    
******************************************************************************
>> Linked Tue May  3 13:36:43 2022

OUTPUT FILE NAME:   <test.out>
ENTRY POINT SYMBOL: "_c_int00_noargs"  address: 00003b6d


MEMORY CONFIGURATION

         name            origin    length      used     unused   attr    fill
----------------------  --------  ---------  --------  --------  ----  --------
  FLASH                 00000000   00040000  00003f7d  0003c083  R  X
  SRAM                  20000000   00008000  000011d6  00006e2a  RW X


SEGMENT ALLOCATION MAP

run origin  load origin   length   init length attrs members
----------  ----------- ---------- ----------- ----- -------
00000000    00000000    00003f80   00003f80    r-x
  00000000    00000000    0000026c   0000026c    r-- .intvecs
  0000026c    0000026c    00003a90   00003a90    r-x .text
  00003cfc    00003cfc    00000101   00000101    r-- .const
  00003e00    00003e00    00000180   00000180    r-- .cinit
20000000    20000000    000011d7   00000000    rw-
  20000000    20000000    000008ff   00000000    rw- .data
  20000900    20000900    00000800   00000000    rw- .stack
  20001100    20001100    000000d7   00000000    rw- .bss


SECTION ALLOCATION MAP

 output                                  attributes/
section   page    origin      length       input sections
--------  ----  ----------  ----------   ----------------
.intvecs   0    00000000    0000026c     
                  00000000    0000026c     tm4c123gh6pm_startup_ccs.obj (.intvecs)

.text      0    0000026c    00003a90     
                  0000026c    00000b64     main.obj (.text)
                  00000dd0    00000a4e     rtsv7M4_T_le_v4SPD16_eabi.lib : _printfi.c.obj (.text:__TI_printfi)
                  0000181e    00000002                                   : div0.asm.obj (.text)
                  00001820    000003ec     IR_Receiver.obj (.text)
                  00001c0c    000003be     serial.obj (.text)
                  00001fca    00000002     --HOLE-- [fill = 0]
                  00001fcc    000002f4     rtsv7M4_T_le_v4SPD16_eabi.lib : e_log10.c.obj (.text:log10)
                  000022c0    00000270                                   : _printfi.c.obj (.text:_pconv_a)
                  00002530    00000238     motor.obj (.text)
                  00002768    000001d0     rtsv7M4_T_le_v4SPD16_eabi.lib : _printfi.c.obj (.text:_pconv_g)
                  00002938    000001b6                                   : fd_add_t2.asm.obj (.text)
                  00002aee    00000002     --HOLE-- [fill = 0]
                  00002af0    00000158     uart0.obj (.text)
                  00002c48    0000014c     rgb_led.obj (.text)
                  00002d94    0000013c     rtsv7M4_T_le_v4SPD16_eabi.lib : _printfi.c.obj (.text:_pconv_e)
                  00002ed0    0000013c     adc0.obj (.text)
                  0000300c    00000136     rtsv7M4_T_le_v4SPD16_eabi.lib : fd_div_t2.asm.obj (.text)
                  00003142    00000002     --HOLE-- [fill = 0]
                  00003144    00000124                                   : _printfi.c.obj (.text:fcvt)
                  00003268    00000110                                   : s_scalbn.c.obj (.text:scalbn)
                  00003378    000000fc                                   : fd_mul_t2.asm.obj (.text)
                  00003474    000000b1                                   : _printfi.c.obj (.text:_ltostr)
                  00003525    00000001     --HOLE-- [fill = 0]
                  00003526    0000009c                                   : memcpy_t2.asm.obj (.text)
                  000035c2    00000096                                   : ull_div_t2.asm.obj (.text)
                  00003658    00000086                                   : fd_cmp_t2.asm.obj (.text:__aeabi_cdcmple)
                  000036de    00000086                                   : fd_cmp_t2.asm.obj (.text:__aeabi_cdrcmple)
                  00003764    0000007a                                   : memset_t2.asm.obj (.text)
                  000037de    0000006e                                   : _printfi.c.obj (.text:_mcpy)
                  0000384c    00000068                                   : copy_decompress_lzss.c.obj (.text:decompress:lzss:__TI_decompress_lzss)
                  000038b4    00000064                                   : s_frexp.c.obj (.text:frexp)
                  00003918    00000056                                   : _printfi.c.obj (.text:_pconv_f)
                  0000396e    00000054                                   : ltoa.c.obj (.text:ltoa)
                  000039c2    00000052                                   : _printfi.c.obj (.text:_ecpy)
                  00003a14    0000004c                                   : atoi.c.obj (.text:atoi)
                  00003a60    00000048                                   : fd_toi_t2.asm.obj (.text)
                  00003aa8    00000044                                   : autoinit.c.obj (.text:__TI_auto_init_nobinit_nopinit:__TI_auto_init_nobinit_nopinit)
                  00003aec    00000040                                   : sprintf.c.obj (.text:sprintf)
                  00003b2c    0000003e                                   : _printfi.c.obj (.text:_fcpy)
                  00003b6a    00000002     --HOLE-- [fill = 0]
                  00003b6c    00000034                                   : boot_cortex_m.c.obj (.text:_c_int00_noargs:_c_int00_noargs)
                  00003ba0    0000002e                                   : i_tofd_t2.asm.obj (.text)
                  00003bce    00000024     wait.obj (.text)
                  00003bf2    00000020     rtsv7M4_T_le_v4SPD16_eabi.lib : u_tofd_t2.asm.obj (.text)
                  00003c12    0000001c                                   : copy_zero_init.c.obj (.text:decompress:ZI:__TI_zero_init_nomemset:__TI_zero_init_nomemset)
                  00003c2e    0000001c                                   : memccpy.c.obj (.text:memccpy)
                  00003c4a    0000001a                                   : s_copysign.c.obj (.text:copysign)
                  00003c64    00000018                                   : sprintf.c.obj (.text:_outs)
                  00003c7c    00000016                                   : strchr.c.obj (.text:strchr)
                  00003c92    00000014                                   : strlen.c.obj (.text:strlen)
                  00003ca6    00000012                                   : wcslen.c.obj (.text:wcslen)
                  00003cb8    00000010     clock.obj (.text)
                  00003cc8    0000000e     rtsv7M4_T_le_v4SPD16_eabi.lib : copy_decompress_none.c.obj (.text:decompress:none:__TI_decompress_none)
                  00003cd6    0000000c     tm4c123gh6pm_startup_ccs.obj (.text)
                  00003ce2    0000000a     rtsv7M4_T_le_v4SPD16_eabi.lib : sprintf.c.obj (.text:_outc)
                  00003cec    00000008                                   : errno.c.obj (.text:__aeabi_errno_addr)
                  00003cf4    00000004                                   : pre_init.c.obj (.text:_system_pre_init)
                  00003cf8    00000004                                   : exit.c.obj (.text:abort:abort)

.const     0    00003cfc    00000101     
                  00003cfc    00000101     rtsv7M4_T_le_v4SPD16_eabi.lib : ctype.c.obj (.const:.string:_ctypes_)

.cinit     0    00003e00    00000180     
                  00003e00    0000015c     (.cinit..data.load) [load image, compression = lzss]
                  00003f5c    0000000c     (__TI_handler_table)
                  00003f68    00000008     (.cinit..bss.load) [load image, compression = zero_init]
                  00003f70    00000010     (__TI_cinit_table)

.init_array 
*          0    00000000    00000000     UNINITIALIZED

.data      0    20000000    000008ff     UNINITIALIZED
                  20000000    000008f0     IR_Receiver.obj (.data:buttons)
                  200008f0    00000006     motor.obj (.data:tubePos)
                  200008f6    00000001     IR_Receiver.obj (.data)
                  200008f7    00000001     --HOLE--
                  200008f8    00000004     rtsv7M4_T_le_v4SPD16_eabi.lib : errno.c.obj (.data)
                  200008fc    00000003     motor.obj (.data)

.bss       0    20001100    000000d7     UNINITIALIZED
                  20001100    000000c8     (.common:time)
                  200011c8    00000002     (.common:analog_b)
                  200011ca    00000002     (.common:analog_g)
                  200011cc    00000002     (.common:analog_r)
                  200011ce    00000002     (.common:pwm_b)
                  200011d0    00000002     (.common:pwm_g)
                  200011d2    00000002     (.common:pwm_r)
                  200011d4    00000001     (.common:address)
                  200011d5    00000001     (.common:code)
                  200011d6    00000001     (.common:valid)

.stack     0    20000900    00000800     UNINITIALIZED
                  20000900    00000004     rtsv7M4_T_le_v4SPD16_eabi.lib : boot_cortex_m.c.obj (.stack)
                  20000904    000007fc     --HOLE--

MODULE SUMMARY

       Module                         code    ro data   rw data
       ------                         ----    -------   -------
    .\
       IR_Receiver.obj                1004    0         2492   
       main.obj                       2916    0         12     
       serial.obj                     958     0         0      
       tm4c123gh6pm_startup_ccs.obj   12      620       0      
       motor.obj                      568     0         9      
       uart0.obj                      344     0         0      
       rgb_led.obj                    332     0         0      
       adc0.obj                       316     0         0      
       wait.obj                       36      0         0      
       clock.obj                      16      0         0      
    +--+------------------------------+-------+---------+---------+
       Total:                         6502    620       2513   
                                                               
    C:\ti\ccs930\ccs\tools\compiler\ti-cgt-arm_18.12.4.LTS\lib\rtsv7M4_T_le_v4SPD16_eabi.lib
       _printfi.c.obj                 4851    0         0      
       e_log10.c.obj                  756     0         0      
       fd_add_t2.asm.obj              438     0         0      
       fd_div_t2.asm.obj              310     0         0      
       s_scalbn.c.obj                 272     0         0      
       fd_cmp_t2.asm.obj              268     0         0      
       ctype.c.obj                    0       257       0      
       fd_mul_t2.asm.obj              252     0         0      
       memcpy_t2.asm.obj              156     0         0      
       ull_div_t2.asm.obj             150     0         0      
       memset_t2.asm.obj              122     0         0      
       copy_decompress_lzss.c.obj     104     0         0      
       s_frexp.c.obj                  100     0         0      
       sprintf.c.obj                  98      0         0      
       ltoa.c.obj                     84      0         0      
       atoi.c.obj                     76      0         0      
       fd_toi_t2.asm.obj              72      0         0      
       autoinit.c.obj                 68      0         0      
       boot_cortex_m.c.obj            52      0         0      
       i_tofd_t2.asm.obj              46      0         0      
       u_tofd_t2.asm.obj              32      0         0      
       copy_zero_init.c.obj           28      0         0      
       memccpy.c.obj                  28      0         0      
       s_copysign.c.obj               26      0         0      
       strchr.c.obj                   22      0         0      
       strlen.c.obj                   20      0         0      
       wcslen.c.obj                   18      0         0      
       copy_decompress_none.c.obj     14      0         0      
       errno.c.obj                    8       0         4      
       exit.c.obj                     4       0         0      
       pre_init.c.obj                 4       0         0      
       div0.asm.obj                   2       0         0      
    +--+------------------------------+-------+---------+---------+
       Total:                         8481    257       4      
                                                               
       Stack:                         0       0         2048   
       Linker Generated:              0       384       0      
    +--+------------------------------+-------+---------+---------+
       Grand Total:                   14983   1261      4565   


LINKER GENERATED COPY TABLES

__TI_cinit_table @ 00003f70 records: 2, size/record: 8, table size: 16
	.data: load addr=00003e00, load size=0000015c bytes, run addr=20000000, run size=000008ff bytes, compression=lzss
	.bss: load addr=00003f68, load size=00000008 bytes, run addr=20001100, run size=000000d7 bytes, compression=zero_init


LINKER GENERATED HANDLER TABLE

__TI_handler_table @ 00003f5c records: 3, size/record: 4, table size: 12
	index: 0, handler: __TI_decompress_lzss
	index: 1, handler: __TI_decompress_none
	index: 2, handler: __TI_zero_init


GLOBAL SYMBOLS: SORTED ALPHABETICALLY BY Name 

address   name                          
-------   ----                          
00003cf9  C$$EXIT                       
00003cd7  ResetISR                      
20001100  __STACK_END                   
00000800  __STACK_SIZE                  
20000b00  __STACK_TOP                   
00003f70  __TI_CINIT_Base               
00003f80  __TI_CINIT_Limit              
00003f5c  __TI_Handler_Table_Base       
00003f68  __TI_Handler_Table_Limit      
00003aa9  __TI_auto_init_nobinit_nopinit
0000384d  __TI_decompress_lzss          
00003cc9  __TI_decompress_none          
ffffffff  __TI_pprof_out_hndl           
00000dd1  __TI_printfi                  
ffffffff  __TI_prof_data_size           
ffffffff  __TI_prof_data_start          
00000000  __TI_static_base__            
00003c13  __TI_zero_init_nomemset       
00003659  __aeabi_cdcmpeq               
00003659  __aeabi_cdcmple               
000036df  __aeabi_cdrcmple              
00003a61  __aeabi_d2iz                  
00002943  __aeabi_dadd                  
0000300d  __aeabi_ddiv                  
00003379  __aeabi_dmul                  
00002939  __aeabi_dsub                  
00003ced  __aeabi_errno_addr            
00003ba1  __aeabi_i2d                   
0000181f  __aeabi_idiv0                 
0000181f  __aeabi_ldiv0                 
00003765  __aeabi_memclr                
00003765  __aeabi_memclr4               
00003765  __aeabi_memclr8               
00003527  __aeabi_memcpy                
00003527  __aeabi_memcpy4               
00003527  __aeabi_memcpy8               
00003767  __aeabi_memset                
00003767  __aeabi_memset4               
00003767  __aeabi_memset8               
00003bf3  __aeabi_ui2d                  
000035c3  __aeabi_uldivmod              
ffffffff  __binit__                     
ffffffff  __c_args__                    
UNDEFED   __mpu_init                    
20000900  __stack                       
00003b6d  _c_int00_noargs               
00003cfc  _ctypes_                      
UNDEFED   _system_post_cinit            
00003cf5  _system_pre_init              
00003cf9  abort                         
200011d4  address                       
200011c8  analog_b                      
200011ca  analog_g                      
200011cc  analog_r                      
000026af  applyPhase                    
00003a15  atoi                          
ffffffff  binit                         
20000000  buttons                       
00000275  calibrate                     
00001bab  clearCode                     
200011d5  code                          
00003c4b  copysign                      
00003c4b  copysignl                     
200008f6  count                         
00001913  createCode                    
200008fe  currentPhase                  
00001887  enableWTimer3                 
200008f8  errno                         
00001821  findButton                    
000038b5  frexp                         
000038b5  frexpl                        
00000000  g_pfnVectors                  
00001ec7  getFieldInteger               
00001e83  getFieldString                
00002be5  getcUart0                     
00001c0d  getsUart0                     
000025ab  home                          
00002ed1  initAdc0Ss3                   
0000026d  initHw                        
000018c5  initIR                        
00002657  initMotor                     
00002c49  initRgb                       
00003cb9  initSystemClockTo40Mhz        
00002af1  initUart0                     
00001c75  isAlpha                       
00001f0b  isCommand                     
00001cd9  isDelimiter                   
00001ca7  isDigit                       
00001ba5  isValid                       
00002bf9  kbhitUart0                    
00003269  ldexp                         
00003269  ldexpl                        
00001fcd  log10                         
00001fcd  log10l                        
0000396f  ltoa                          
00000929  main                          
0000043f  measure                       
00000605  measurepH                     
00003c2f  memccpy                       
00003527  memcpy                        
0000376d  memset                        
00001cfb  parseFields                   
200008fc  position                      
00002ba5  putcUart0                     
00002bc1  putsUart0                     
200011ce  pwm_b                         
200011d0  pwm_g                         
200011d2  pwm_r                         
00002fab  readAdc0Ss3                   
00003269  scalbn                        
00003269  scalbnl                       
00002f3f  setAdc0Ss3Log2AverageCount    
00002f83  setAdc0Ss3Mux                 
000025e7  setPosition                   
00002d17  setRgbColor                   
00002b65  setUart0BaudRate              
00003aed  sprintf                       
00002531  stepCCW                       
00002571  stepCW                        
00003c7d  strchr                        
00001f7d  stringEqual                   
00001e19  stringToint32                 
00003c93  strlen                        
200008fd  temp                          
20001100  time                          
200008f0  tubePos                       
000025fb  turnto                        
200011d6  valid                         
00003bcf  waitMicrosecond               
00003ca7  wcslen                        
00001ab1  wideTimer3Isr                 


GLOBAL SYMBOLS: SORTED BY Symbol Address 

address   name                          
-------   ----                          
00000000  __TI_static_base__            
00000000  g_pfnVectors                  
0000026d  initHw                        
00000275  calibrate                     
0000043f  measure                       
00000605  measurepH                     
00000800  __STACK_SIZE                  
00000929  main                          
00000dd1  __TI_printfi                  
0000181f  __aeabi_idiv0                 
0000181f  __aeabi_ldiv0                 
00001821  findButton                    
00001887  enableWTimer3                 
000018c5  initIR                        
00001913  createCode                    
00001ab1  wideTimer3Isr                 
00001ba5  isValid                       
00001bab  clearCode                     
00001c0d  getsUart0                     
00001c75  isAlpha                       
00001ca7  isDigit                       
00001cd9  isDelimiter                   
00001cfb  parseFields                   
00001e19  stringToint32                 
00001e83  getFieldString                
00001ec7  getFieldInteger               
00001f0b  isCommand                     
00001f7d  stringEqual                   
00001fcd  log10                         
00001fcd  log10l                        
00002531  stepCCW                       
00002571  stepCW                        
000025ab  home                          
000025e7  setPosition                   
000025fb  turnto                        
00002657  initMotor                     
000026af  applyPhase                    
00002939  __aeabi_dsub                  
00002943  __aeabi_dadd                  
00002af1  initUart0                     
00002b65  setUart0BaudRate              
00002ba5  putcUart0                     
00002bc1  putsUart0                     
00002be5  getcUart0                     
00002bf9  kbhitUart0                    
00002c49  initRgb                       
00002d17  setRgbColor                   
00002ed1  initAdc0Ss3                   
00002f3f  setAdc0Ss3Log2AverageCount    
00002f83  setAdc0Ss3Mux                 
00002fab  readAdc0Ss3                   
0000300d  __aeabi_ddiv                  
00003269  ldexp                         
00003269  ldexpl                        
00003269  scalbn                        
00003269  scalbnl                       
00003379  __aeabi_dmul                  
00003527  __aeabi_memcpy                
00003527  __aeabi_memcpy4               
00003527  __aeabi_memcpy8               
00003527  memcpy                        
000035c3  __aeabi_uldivmod              
00003659  __aeabi_cdcmpeq               
00003659  __aeabi_cdcmple               
000036df  __aeabi_cdrcmple              
00003765  __aeabi_memclr                
00003765  __aeabi_memclr4               
00003765  __aeabi_memclr8               
00003767  __aeabi_memset                
00003767  __aeabi_memset4               
00003767  __aeabi_memset8               
0000376d  memset                        
0000384d  __TI_decompress_lzss          
000038b5  frexp                         
000038b5  frexpl                        
0000396f  ltoa                          
00003a15  atoi                          
00003a61  __aeabi_d2iz                  
00003aa9  __TI_auto_init_nobinit_nopinit
00003aed  sprintf                       
00003b6d  _c_int00_noargs               
00003ba1  __aeabi_i2d                   
00003bcf  waitMicrosecond               
00003bf3  __aeabi_ui2d                  
00003c13  __TI_zero_init_nomemset       
00003c2f  memccpy                       
00003c4b  copysign                      
00003c4b  copysignl                     
00003c7d  strchr                        
00003c93  strlen                        
00003ca7  wcslen                        
00003cb9  initSystemClockTo40Mhz        
00003cc9  __TI_decompress_none          
00003cd7  ResetISR                      
00003ced  __aeabi_errno_addr            
00003cf5  _system_pre_init              
00003cf9  C$$EXIT                       
00003cf9  abort                         
00003cfc  _ctypes_                      
00003f5c  __TI_Handler_Table_Base       
00003f68  __TI_Handler_Table_Limit      
00003f70  __TI_CINIT_Base               
00003f80  __TI_CINIT_Limit              
20000000  buttons                       
200008f0  tubePos                       
200008f6  count                         
200008f8  errno                         
200008fc  position                      
200008fd  temp                          
200008fe  currentPhase                  
20000900  __stack                       
20000b00  __STACK_TOP                   
20001100  __STACK_END                   
20001100  time                          
200011c8  analog_b                      
200011ca  analog_g                      
200011cc  analog_r                      
200011ce  pwm_b                         
200011d0  pwm_g                         
200011d2  pwm_r                         
200011d4  address                       
200011d5  code                          
200011d6  valid                         
ffffffff  __TI_pprof_out_hndl           
ffffffff  __TI_prof_data_size           
ffffffff  __TI_prof_data_start          
ffffffff  __binit__                     
ffffffff  __c_args__                    
ffffffff  binit                         
UNDEFED   __mpu_init                    
UNDEFED   _system_post_cinit            

[131 symbols]
